Archive member included to satisfy reference by file (symbol)

C:/Users/Sara/.pico-sdk/toolchain/13_3_Rel1/bin/../lib/gcc/arm-none-eabi/13.3.1/thumb/v6-m/nofp\libgcc.a(_dvmd_tls.o)
                              CMakeFiles/display_i2c.dir/C_/Users/Sara/.pico-sdk/sdk/2.1.0/src/rp2_common/pico_divider/divider_hardware.S.obj (__aeabi_idiv0)
C:/Users/Sara/.pico-sdk/toolchain/13_3_Rel1/bin/../lib/gcc/arm-none-eabi/13.3.1/thumb/v6-m/nofp\libg.a(libc_a-calloc.o)
                              CMakeFiles/display_i2c.dir/C_/Users/Sara/.pico-sdk/sdk/2.1.0/src/rp2_common/pico_malloc/malloc.c.obj (calloc)
C:/Users/Sara/.pico-sdk/toolchain/13_3_Rel1/bin/../lib/gcc/arm-none-eabi/13.3.1/thumb/v6-m/nofp\libg.a(libc_a-callocr.o)
                              C:/Users/Sara/.pico-sdk/toolchain/13_3_Rel1/bin/../lib/gcc/arm-none-eabi/13.3.1/thumb/v6-m/nofp\libg.a(libc_a-calloc.o) (_calloc_r)
C:/Users/Sara/.pico-sdk/toolchain/13_3_Rel1/bin/../lib/gcc/arm-none-eabi/13.3.1/thumb/v6-m/nofp\libg.a(libc_a-malloc.o)
                              CMakeFiles/display_i2c.dir/C_/Users/Sara/.pico-sdk/sdk/2.1.0/src/rp2_common/pico_malloc/malloc.c.obj (malloc)
C:/Users/Sara/.pico-sdk/toolchain/13_3_Rel1/bin/../lib/gcc/arm-none-eabi/13.3.1/thumb/v6-m/nofp\libg.a(libc_a-mallocr.o)
                              C:/Users/Sara/.pico-sdk/toolchain/13_3_Rel1/bin/../lib/gcc/arm-none-eabi/13.3.1/thumb/v6-m/nofp\libg.a(libc_a-callocr.o) (_malloc_r)
C:/Users/Sara/.pico-sdk/toolchain/13_3_Rel1/bin/../lib/gcc/arm-none-eabi/13.3.1/thumb/v6-m/nofp\libg.a(libc_a-mlock.o)
                              C:/Users/Sara/.pico-sdk/toolchain/13_3_Rel1/bin/../lib/gcc/arm-none-eabi/13.3.1/thumb/v6-m/nofp\libg.a(libc_a-mallocr.o) (__malloc_lock)
C:/Users/Sara/.pico-sdk/toolchain/13_3_Rel1/bin/../lib/gcc/arm-none-eabi/13.3.1/thumb/v6-m/nofp\libg.a(libc_a-realloc.o)
                              CMakeFiles/display_i2c.dir/C_/Users/Sara/.pico-sdk/sdk/2.1.0/src/rp2_common/pico_malloc/malloc.c.obj (realloc)
C:/Users/Sara/.pico-sdk/toolchain/13_3_Rel1/bin/../lib/gcc/arm-none-eabi/13.3.1/thumb/v6-m/nofp\libg.a(libc_a-reallocr.o)
                              C:/Users/Sara/.pico-sdk/toolchain/13_3_Rel1/bin/../lib/gcc/arm-none-eabi/13.3.1/thumb/v6-m/nofp\libg.a(libc_a-realloc.o) (_realloc_r)
C:/Users/Sara/.pico-sdk/toolchain/13_3_Rel1/bin/../lib/gcc/arm-none-eabi/13.3.1/thumb/v6-m/nofp\libg.a(libc_a-scanf.o)
                              CMakeFiles/display_i2c.dir/display_i2c.c.obj (scanf)
C:/Users/Sara/.pico-sdk/toolchain/13_3_Rel1/bin/../lib/gcc/arm-none-eabi/13.3.1/thumb/v6-m/nofp\libg.a(libc_a-memcmp.o)
                              CMakeFiles/display_i2c.dir/C_/Users/Sara/.pico-sdk/sdk/2.1.0/src/rp2_common/pico_atomic/atomic.c.obj (memcmp)
C:/Users/Sara/.pico-sdk/toolchain/13_3_Rel1/bin/../lib/gcc/arm-none-eabi/13.3.1/thumb/v6-m/nofp\libg.a(libc_a-memmove.o)
                              C:/Users/Sara/.pico-sdk/toolchain/13_3_Rel1/bin/../lib/gcc/arm-none-eabi/13.3.1/thumb/v6-m/nofp\libg.a(libc_a-reallocr.o) (memmove)
C:/Users/Sara/.pico-sdk/toolchain/13_3_Rel1/bin/../lib/gcc/arm-none-eabi/13.3.1/thumb/v6-m/nofp\libg.a(libc_a-lcltime_r.o)
                              CMakeFiles/display_i2c.dir/C_/Users/Sara/.pico-sdk/sdk/2.1.0/src/common/pico_util/datetime.c.obj (localtime_r)
C:/Users/Sara/.pico-sdk/toolchain/13_3_Rel1/bin/../lib/gcc/arm-none-eabi/13.3.1/thumb/v6-m/nofp\libg.a(libc_a-mktime.o)
                              CMakeFiles/display_i2c.dir/C_/Users/Sara/.pico-sdk/sdk/2.1.0/src/common/pico_util/datetime.c.obj (mktime)
C:/Users/Sara/.pico-sdk/toolchain/13_3_Rel1/bin/../lib/gcc/arm-none-eabi/13.3.1/thumb/v6-m/nofp\libg.a(libc_a-month_lengths.o)
                              C:/Users/Sara/.pico-sdk/toolchain/13_3_Rel1/bin/../lib/gcc/arm-none-eabi/13.3.1/thumb/v6-m/nofp\libg.a(libc_a-lcltime_r.o) (__month_lengths)
C:/Users/Sara/.pico-sdk/toolchain/13_3_Rel1/bin/../lib/gcc/arm-none-eabi/13.3.1/thumb/v6-m/nofp\libg.a(libc_a-tzcalc_limits.o)
                              C:/Users/Sara/.pico-sdk/toolchain/13_3_Rel1/bin/../lib/gcc/arm-none-eabi/13.3.1/thumb/v6-m/nofp\libg.a(libc_a-lcltime_r.o) (__tzcalc_limits)
C:/Users/Sara/.pico-sdk/toolchain/13_3_Rel1/bin/../lib/gcc/arm-none-eabi/13.3.1/thumb/v6-m/nofp\libg.a(libc_a-tzlock.o)
                              C:/Users/Sara/.pico-sdk/toolchain/13_3_Rel1/bin/../lib/gcc/arm-none-eabi/13.3.1/thumb/v6-m/nofp\libg.a(libc_a-lcltime_r.o) (__tz_lock)
C:/Users/Sara/.pico-sdk/toolchain/13_3_Rel1/bin/../lib/gcc/arm-none-eabi/13.3.1/thumb/v6-m/nofp\libg.a(libc_a-tzset.o)
                              C:/Users/Sara/.pico-sdk/toolchain/13_3_Rel1/bin/../lib/gcc/arm-none-eabi/13.3.1/thumb/v6-m/nofp\libg.a(libc_a-lcltime_r.o) (_tzset_unlocked)
C:/Users/Sara/.pico-sdk/toolchain/13_3_Rel1/bin/../lib/gcc/arm-none-eabi/13.3.1/thumb/v6-m/nofp\libg.a(libc_a-tzset_r.o)
                              C:/Users/Sara/.pico-sdk/toolchain/13_3_Rel1/bin/../lib/gcc/arm-none-eabi/13.3.1/thumb/v6-m/nofp\libg.a(libc_a-tzset.o) (_tzset_unlocked_r)
[...]
Memory Configuration

Name             Origin             Length             Attributes
FLASH            0x10000000         0x00200000         xr
RAM              0x20000000         0x00040000         xrw
SCRATCH_X        0x20040000         0x00001000         xrw
SCRATCH_Y        0x20041000         0x00001000         xrw
*default*        0x00000000         0xffffffff

Linker script and memory map

LOAD C:/Users/Sara/.pico-sdk/toolchain/13_3_Rel1/bin/../lib/gcc/arm-none-eabi/13.3.1/thumb/v6-m/nofp/crti.o
LOAD C:/Users/Sara/.pico-sdk/toolchain/13_3_Rel1/bin/../lib/gcc/arm-none-eabi/13.3.1/thumb/v6-m/nofp/crtbegin.o
LOAD C:/Users/Sara/.pico-sdk/toolchain/13_3_Rel1/bin/../lib/gcc/arm-none-eabi/13.3.1/thumb/v6-m/nofp/crt0.o

.flash_begin    0x10000000        0x0
                0x10000000                        __flash_binary_start = .

.boot2          0x10000000      0x100
                0x10000000                        __boot2_start__ = .
 *(.boot2)
 .boot2         0x10000000      0x100 pico-sdk/src/rp2040/boot_stage2/CMakeFiles/bs2_default_library.dir/./bs2_default_padded_checksummed.S.obj
                0x10000100                        __boot2_end__ = .
                0x00000001                        ASSERT (((__boot2_end__ - __boot2_start__) == 0x100), ERROR: Pico second stage bootloader must be 256 bytes in size)

.text           0x10000100     0xdab4
                0x10000100                        __logical_binary_start = .
 *(.vectors)
 .vectors       0x10000100       0xd4 CMakeFiles/display_i2c.dir/C_/Users/Sara/.pico-sdk/sdk/2.1.0/src/rp2_common/pico_crt0/crt0.S.obj
                0x10000100                __VECTOR_TABLE
                0x10000100                __vectors
                0x100001c0                isr_invalid
                0x100001c0                __default_isrs_start
                0x100001c2                isr_nmi
                0x100001c4                isr_hardfault
                0x100001c6                isr_svcall
                0x100001c8                isr_pendsv
                0x100001ca                isr_systick
                0x100001cc                isr_irq23
                0x100001cc                isr_irq18
                0x100001cc                isr_irq11
                0x100001cc                isr_irq28
                0x100001cc                isr_irq19
                0x100001cc                isr_irq0
                0x100001cc                isr_irq6
                0x100001cc                isr_irq5
                0x100001cc                isr_irq12
                0x100001cc                isr_irq22
                0x100001cc                isr_irq31
                0x100001cc                isr_irq17
                0x100001cc                isr_irq27
                0x100001cc                isr_irq30
                0x100001cc                isr_irq2
                0x100001cc                isr_irq10
                0x100001cc                isr_irq8
                0x100001cc                isr_irq24
                0x100001cc                isr_irq1
                0x100001cc                isr_irq7
                0x100001cc                isr_irq21
                0x100001cc                isr_irq20
                0x100001cc                isr_irq15
                0x100001cc                isr_irq25
                0x100001cc                isr_irq13
                0x100001cc                __unhandled_user_irq
                0x100001cc                isr_irq4
                0x100001cc                isr_irq16
                0x100001cc                isr_irq29
                0x100001cc                isr_irq26
                0x100001cc                __default_isrs_end
                0x100001cc                isr_irq3
                0x100001cc                isr_irq14
                0x100001cc                isr_irq9
                0x100001d2                unhandled_user_irq_num_in_r0
 *(.binary_info_header)
 .binary_info_header
                0x100001d4       0x14 CMakeFiles/display_i2c.dir/C_/Users/Sara/.pico-sdk/sdk/2.1.0/src/rp2_common/pico_crt0/crt0.S.obj
                0x100001e8                        __binary_info_header_end = .
 *(.embedded_block)
                0x100001e8                        __embedded_block_end = .
 *(.reset)
 .reset         0x100001e8       0x9c CMakeFiles/display_i2c.dir/C_/Users/Sara/.pico-sdk/sdk/2.1.0/src/rp2_common/pico_crt0/crt0.S.obj
                0x100001e8                _entry_point
 *(.init)
 .init          0x10000284        0x4 C:/Users/Sara/.pico-sdk/toolchain/13_3_Rel1/bin/../lib/gcc/arm-none-eabi/13.3.1/thumb/v6-m/nofp/crti.o
                0x10000284                _init
 *(EXCLUDE_FILE(*libm.a: *libc.a:*lib_a-mem*.o *libgcc.a:) .text*)
 .text.register_tm_clones
                0x10000288       0x28 C:/Users/Sara/.pico-sdk/toolchain/13_3_Rel1/bin/../lib/gcc/arm-none-eabi/13.3.1/thumb/v6-m/nofp/crtbegin.o
 .text.frame_dummy
                0x100002b0       0x24 C:/Users/Sara/.pico-sdk/toolchain/13_3_Rel1/bin/../lib/gcc/arm-none-eabi/13.3.1/thumb/v6-m/nofp/crtbegin.o
 .text.button_Event
                0x100002d4      0x118 CMakeFiles/display_i2c.dir/display_i2c.c.obj
                0x100002d4                button_Event
 .text.init_componentes
                0x100003ec       0x48 CMakeFiles/display_i2c.dir/display_i2c.c.obj
                0x100003ec                init_componentes
 .text.init_pio_matriz
                0x10000434      0x130 CMakeFiles/display_i2c.dir/display_i2c.c.obj
                0x10000434                init_pio_matriz
 .text.config_I2C
                0x10000564       0x74 CMakeFiles/display_i2c.dir/display_i2c.c.obj
                0x10000564                config_I2C
 .text.startup.main
                0x100005d8      0x190 CMakeFiles/display_i2c.dir/display_i2c.c.obj
                0x100005d8                main
 .text.ssd1306_init
                0x10000768       0x34 CMakeFiles/display_i2c.dir/inc/ssd1306.c.obj
                0x10000768                ssd1306_init
 .text.ssd1306_config
                0x1000079c      0x1d0 CMakeFiles/display_i2c.dir/inc/ssd1306.c.obj
                0x1000079c                ssd1306_config
 .text.ssd1306_send_data
                0x1000096c       0x8c CMakeFiles/display_i2c.dir/inc/ssd1306.c.obj
                0x1000096c                ssd1306_send_data
 .text.ssd1306_fill
                0x100009f8       0x80 CMakeFiles/display_i2c.dir/inc/ssd1306.c.obj
                0x100009f8                ssd1306_fill
 .text.ssd1306_draw_char
                0x10000a78      0x260 CMakeFiles/display_i2c.dir/inc/ssd1306.c.obj
                0x10000a78                ssd1306_draw_char
 .text.ssd1306_draw_string
                0x10000cd8       0x40 CMakeFiles/display_i2c.dir/inc/ssd1306.c.obj
                0x10000cd8                ssd1306_draw_string
 .text.gpio_default_irq_handler
                0x10000d18      0x274 CMakeFiles/display_i2c.dir/C_/Users/Sara/.pico-sdk/sdk/2.1.0/src/rp2_common/hardware_gpio/gpio.c.obj
 .text.gpio_set_function
                0x10000f8c       0x34 CMakeFiles/display_i2c.dir/C_/Users/Sara/.pico-sdk/sdk/2.1.0/src/rp2_common/hardware_gpio/gpio.c.obj
                0x10000f8c                gpio_set_function
 .text.gpio_set_pulls
                0x10000fc0       0x28 CMakeFiles/display_i2c.dir/C_/Users/Sara/.pico-sdk/sdk/2.1.0/src/rp2_common/hardware_gpio/gpio.c.obj
                0x10000fc0                gpio_set_pulls
 .text.gpio_set_irq_enabled_with_callback
                0x10000fe8       0xd0 CMakeFiles/display_i2c.dir/C_/Users/Sara/.pico-sdk/sdk/2.1.0/src/rp2_common/hardware_gpio/gpio.c.obj
                0x10000fe8                gpio_set_irq_enabled_with_callback
 .text.gpio_init
                0x100010b8       0x40 CMakeFiles/display_i2c.dir/C_/Users/Sara/.pico-sdk/sdk/2.1.0/src/rp2_common/hardware_gpio/gpio.c.obj
                0x100010b8                gpio_init
 .text.rp2040_chip_version
                0x100010f8        0xc CMakeFiles/display_i2c.dir/C_/Users/Sara/.pico-sdk/sdk/2.1.0/src/rp2040/pico_platform/platform.c.obj
                0x100010f8                rp2040_chip_version
 .text.panic    0x10001104       0x30 CMakeFiles/display_i2c.dir/C_/Users/Sara/.pico-sdk/sdk/2.1.0/src/rp2_common/pico_platform_panic/panic.c.obj
                0x10001104                panic
 .text.hw_claim_lock
                0x10001134       0x18 CMakeFiles/display_i2c.dir/C_/Users/Sara/.pico-sdk/sdk/2.1.0/src/common/hardware_claim/claim.c.obj
                0x10001134                hw_claim_lock
 .text.hw_claim_unlock
                0x1000114c       0x14 CMakeFiles/display_i2c.dir/C_/Users/Sara/.pico-sdk/sdk/2.1.0/src/common/hardware_claim/claim.c.obj
                0x1000114c                hw_claim_unlock
 .text.hw_claim_or_assert
                0x10001160       0x44 CMakeFiles/display_i2c.dir/C_/Users/Sara/.pico-sdk/sdk/2.1.0/src/common/hardware_claim/claim.c.obj
                0x10001160                hw_claim_or_assert
 .text.hw_claim_unused_from_range
                0x100011a4       0x9c CMakeFiles/display_i2c.dir/C_/Users/Sara/.pico-sdk/sdk/2.1.0/src/common/hardware_claim/claim.c.obj
                0x100011a4                hw_claim_unused_from_range
 .text.next_striped_spin_lock_num
                0x10001240       0x18 CMakeFiles/display_i2c.dir/C_/Users/Sara/.pico-sdk/sdk/2.1.0/src/rp2_common/hardware_sync/sync.c.obj
                0x10001240                next_striped_spin_lock_num
 .text.spin_lock_claim_unused
                0x10001258       0x24 CMakeFiles/display_i2c.dir/C_/Users/Sara/.pico-sdk/sdk/2.1.0/src/rp2_common/hardware_sync/sync.c.obj
                0x10001258                spin_lock_claim_unused
 .text.spin_locks_reset
                0x1000127c       0x1c CMakeFiles/display_i2c.dir/C_/Users/Sara/.pico-sdk/sdk/2.1.0/src/rp2_common/hardware_sync_spin_lock/sync_spin_lock.c.obj
                0x1000127c                spin_locks_reset
 .text.runtime_init_per_core_irq_priorities
                0x10001298       0x24 CMakeFiles/display_i2c.dir/C_/Users/Sara/.pico-sdk/sdk/2.1.0/src/rp2_common/hardware_irq/irq.c.obj
                0x10001298                runtime_init_per_core_irq_priorities
 .text.irq_set_enabled
                0x100012bc       0x24 CMakeFiles/display_i2c.dir/C_/Users/Sara/.pico-sdk/sdk/2.1.0/src/rp2_common/hardware_irq/irq.c.obj
                0x100012bc                irq_set_enabled
 .text.irq_is_enabled
                0x100012e0       0x18 CMakeFiles/display_i2c.dir/C_/Users/Sara/.pico-sdk/sdk/2.1.0/src/rp2_common/hardware_irq/irq.c.obj
                0x100012e0                irq_is_enabled
 .text.irq_set_pending
                0x100012f8       0x10 CMakeFiles/display_i2c.dir/C_/Users/Sara/.pico-sdk/sdk/2.1.0/src/rp2_common/hardware_irq/irq.c.obj
                0x100012f8                irq_set_pending
 .text.irq_has_shared_handler
                0x10001308       0x2c CMakeFiles/display_i2c.dir/C_/Users/Sara/.pico-sdk/sdk/2.1.0/src/rp2_common/hardware_irq/irq.c.obj
                0x10001308                irq_has_shared_handler
 .text.irq_set_exclusive_handler
                0x10001334       0x54 CMakeFiles/display_i2c.dir/C_/Users/Sara/.pico-sdk/sdk/2.1.0/src/rp2_common/hardware_irq/irq.c.obj
                0x10001334                irq_set_exclusive_handler
 .text.irq_add_shared_handler
                0x10001388      0x1f4 CMakeFiles/display_i2c.dir/C_/Users/Sara/.pico-sdk/sdk/2.1.0/src/rp2_common/hardware_irq/irq.c.obj
                0x10001388                irq_add_shared_handler
 .text.irq_remove_handler
                0x1000157c      0x1d4 CMakeFiles/display_i2c.dir/C_/Users/Sara/.pico-sdk/sdk/2.1.0/src/rp2_common/hardware_irq/irq.c.obj
                0x1000157c                irq_remove_handler
 .text.irq_add_tail_to_free_list
                0x10001750       0xb4 CMakeFiles/display_i2c.dir/C_/Users/Sara/.pico-sdk/sdk/2.1.0/src/rp2_common/hardware_irq/irq.c.obj
                0x10001750                irq_add_tail_to_free_list
 .text.user_irq_claim_unused
                0x10001804       0x2c CMakeFiles/display_i2c.dir/C_/Users/Sara/.pico-sdk/sdk/2.1.0/src/rp2_common/hardware_irq/irq.c.obj
                0x10001804                user_irq_claim_unused
 .text.lock_init
                0x10001830       0x10 CMakeFiles/display_i2c.dir/C_/Users/Sara/.pico-sdk/sdk/2.1.0/src/common/pico_sync/lock_core.c.obj
                0x10001830                lock_init
 .text.runtime_init_mutex
                0x10001840       0x50 CMakeFiles/display_i2c.dir/C_/Users/Sara/.pico-sdk/sdk/2.1.0/src/common/pico_sync/mutex.c.obj
                0x10001840                runtime_init_mutex
 .text.mutex_init
                0x10001890       0x1c CMakeFiles/display_i2c.dir/C_/Users/Sara/.pico-sdk/sdk/2.1.0/src/common/pico_sync/mutex.c.obj
                0x10001890                mutex_init
 .text.critical_section_init
                0x100018ac       0x1c CMakeFiles/display_i2c.dir/C_/Users/Sara/.pico-sdk/sdk/2.1.0/src/common/pico_sync/critical_section.c.obj
                0x100018ac                critical_section_init
 .text.critical_section_init_with_lock_num
                0x100018c8       0x14 CMakeFiles/display_i2c.dir/C_/Users/Sara/.pico-sdk/sdk/2.1.0/src/common/pico_sync/critical_section.c.obj
                0x100018c8                critical_section_init_with_lock_num
 .text.sleep_until_callback
                0x100018dc       0x30 CMakeFiles/display_i2c.dir/C_/Users/Sara/.pico-sdk/sdk/2.1.0/src/common/pico_time/time.c.obj
 .text.alarm_pool_irq_handler
                0x1000190c      0x2fc CMakeFiles/display_i2c.dir/C_/Users/Sara/.pico-sdk/sdk/2.1.0/src/common/pico_time/time.c.obj
 .text.runtime_init_default_alarm_pool
                0x10001c08       0xdc CMakeFiles/display_i2c.dir/C_/Users/Sara/.pico-sdk/sdk/2.1.0/src/common/pico_time/time.c.obj
                0x10001c08                runtime_init_default_alarm_pool
 .text.alarm_pool_get_default
                0x10001ce4        0x8 CMakeFiles/display_i2c.dir/C_/Users/Sara/.pico-sdk/sdk/2.1.0/src/common/pico_time/time.c.obj
                0x10001ce4                alarm_pool_get_default
 .text.alarm_pool_add_alarm_at
                0x10001cec       0xd4 CMakeFiles/display_i2c.dir/C_/Users/Sara/.pico-sdk/sdk/2.1.0/src/common/pico_time/time.c.obj
                0x10001cec                alarm_pool_add_alarm_at
 .text.alarm_pool_add_alarm_at_force_in_context
                0x10001dc0       0xb0 CMakeFiles/display_i2c.dir/C_/Users/Sara/.pico-sdk/sdk/2.1.0/src/common/pico_time/time.c.obj
                0x10001dc0                alarm_pool_add_alarm_at_force_in_context
 .text.alarm_pool_cancel_alarm
                0x10001e70       0x74 CMakeFiles/display_i2c.dir/C_/Users/Sara/.pico-sdk/sdk/2.1.0/src/common/pico_time/time.c.obj
                0x10001e70                alarm_pool_cancel_alarm
 .text.alarm_pool_core_num
                0x10001ee4        0x4 CMakeFiles/display_i2c.dir/C_/Users/Sara/.pico-sdk/sdk/2.1.0/src/common/pico_time/time.c.obj
                0x10001ee4                alarm_pool_core_num
 .text.sleep_until
                0x10001ee8       0xd8 CMakeFiles/display_i2c.dir/C_/Users/Sara/.pico-sdk/sdk/2.1.0/src/common/pico_time/time.c.obj
                0x10001ee8                sleep_until
 .text.sleep_ms
                0x10001fc0       0x38 CMakeFiles/display_i2c.dir/C_/Users/Sara/.pico-sdk/sdk/2.1.0/src/common/pico_time/time.c.obj
                0x10001fc0                sleep_ms
 .text.best_effort_wfe_or_timeout
                0x10001ff8       0xe0 CMakeFiles/display_i2c.dir/C_/Users/Sara/.pico-sdk/sdk/2.1.0/src/common/pico_time/time.c.obj
                0x10001ff8                best_effort_wfe_or_timeout
 .text.timer_hardware_alarm_claim
                0x100020d8       0x14 CMakeFiles/display_i2c.dir/C_/Users/Sara/.pico-sdk/sdk/2.1.0/src/rp2_common/hardware_timer/timer.c.obj
                0x100020d8                timer_hardware_alarm_claim
 .text.timer_time_us_64
                0x100020ec       0x10 CMakeFiles/display_i2c.dir/C_/Users/Sara/.pico-sdk/sdk/2.1.0/src/rp2_common/hardware_timer/timer.c.obj
                0x100020ec                timer_time_us_64
 .text.time_us_64
                0x100020fc       0x14 CMakeFiles/display_i2c.dir/C_/Users/Sara/.pico-sdk/sdk/2.1.0/src/rp2_common/hardware_timer/timer.c.obj
                0x100020fc                time_us_64
 .text.busy_wait_us
                0x10002110       0x68 CMakeFiles/display_i2c.dir/C_/Users/Sara/.pico-sdk/sdk/2.1.0/src/rp2_common/hardware_timer/timer.c.obj
                0x10002110                busy_wait_us
 .text.busy_wait_until
                0x10002178       0x20 CMakeFiles/display_i2c.dir/C_/Users/Sara/.pico-sdk/sdk/2.1.0/src/rp2_common/hardware_timer/timer.c.obj
                0x10002178                busy_wait_until
 .text.clock_configure_int_divider
                0x10002198       0xf4 CMakeFiles/display_i2c.dir/C_/Users/Sara/.pico-sdk/sdk/2.1.0/src/rp2_common/hardware_clocks/clocks.c.obj
                0x10002198                clock_configure_int_divider
 .text.clock_configure_undivided
                0x1000228c       0xe8 CMakeFiles/display_i2c.dir/C_/Users/Sara/.pico-sdk/sdk/2.1.0/src/rp2_common/hardware_clocks/clocks.c.obj
                0x1000228c                clock_configure_undivided
 .text.clock_get_hz
                0x10002374        0xc CMakeFiles/display_i2c.dir/C_/Users/Sara/.pico-sdk/sdk/2.1.0/src/rp2_common/hardware_clocks/clocks.c.obj
                0x10002374                clock_get_hz
 .text.pll_init
                0x10002380       0xa4 CMakeFiles/display_i2c.dir/C_/Users/Sara/.pico-sdk/sdk/2.1.0/src/rp2_common/hardware_pll/pll.c.obj
                0x10002380                pll_init
 .text.watchdog_reboot
                0x10002424       0x9c CMakeFiles/display_i2c.dir/C_/Users/Sara/.pico-sdk/sdk/2.1.0/src/rp2_common/hardware_watchdog/watchdog.c.obj
                0x10002424                watchdog_reboot
 .text.tick_start
                0x100024c0       0x10 CMakeFiles/display_i2c.dir/C_/Users/Sara/.pico-sdk/sdk/2.1.0/src/rp2_common/hardware_ticks/ticks.c.obj
                0x100024c0                tick_start
 .text.rom_func_lookup
                0x100024d0       0x10 CMakeFiles/display_i2c.dir/C_/Users/Sara/.pico-sdk/sdk/2.1.0/src/rp2_common/pico_bootrom/bootrom.c.obj
                0x100024d0                rom_func_lookup
 .text.rom_data_lookup
                0x100024e0       0x10 CMakeFiles/display_i2c.dir/C_/Users/Sara/.pico-sdk/sdk/2.1.0/src/rp2_common/pico_bootrom/bootrom.c.obj
                0x100024e0                rom_data_lookup
 .text.rom_funcs_lookup
                0x100024f0       0x44 CMakeFiles/display_i2c.dir/C_/Users/Sara/.pico-sdk/sdk/2.1.0/src/rp2_common/pico_bootrom/bootrom.c.obj
                0x100024f0                rom_funcs_lookup
 .text.rom_reset_usb_boot_extra
                0x10002534       0x28 CMakeFiles/display_i2c.dir/C_/Users/Sara/.pico-sdk/sdk/2.1.0/src/rp2_common/pico_bootrom/bootrom.c.obj
                0x10002534                rom_reset_usb_boot_extra
 .text.xosc_init
                0x1000255c       0x28 CMakeFiles/display_i2c.dir/C_/Users/Sara/.pico-sdk/sdk/2.1.0/src/rp2_common/hardware_xosc/xosc.c.obj
                0x1000255c                xosc_init
 .text.first_per_core_initializer
                0x10002584        0x4 CMakeFiles/display_i2c.dir/C_/Users/Sara/.pico-sdk/sdk/2.1.0/src/rp2_common/pico_runtime/runtime.c.obj
 .text.hard_assertion_failure
                0x10002588        0xc CMakeFiles/display_i2c.dir/C_/Users/Sara/.pico-sdk/sdk/2.1.0/src/rp2_common/pico_runtime/runtime.c.obj
                0x10002588                hard_assertion_failure
 .text.runtime_run_initializers
                0x10002594       0x28 CMakeFiles/display_i2c.dir/C_/Users/Sara/.pico-sdk/sdk/2.1.0/src/rp2_common/pico_runtime/runtime.c.obj
                0x10002594                runtime_run_initializers
 .text.runtime_init_early_resets
                0x100025bc       0x2c CMakeFiles/display_i2c.dir/C_/Users/Sara/.pico-sdk/sdk/2.1.0/src/rp2_common/pico_runtime_init/runtime_init.c.obj
                0x100025bc                runtime_init_early_resets
 .text.runtime_init_usb_power_down
                0x100025e8       0x1c CMakeFiles/display_i2c.dir/C_/Users/Sara/.pico-sdk/sdk/2.1.0/src/rp2_common/pico_runtime_init/runtime_init.c.obj
                0x100025e8                runtime_init_usb_power_down
 .text.runtime_init_post_clock_resets
                0x10002604       0x20 CMakeFiles/display_i2c.dir/C_/Users/Sara/.pico-sdk/sdk/2.1.0/src/rp2_common/pico_runtime_init/runtime_init.c.obj
                0x10002604                runtime_init_post_clock_resets
 .text.runtime_init_rp2040_gpio_ie_disable
                0x10002624       0x14 CMakeFiles/display_i2c.dir/C_/Users/Sara/.pico-sdk/sdk/2.1.0/src/rp2_common/pico_runtime_init/runtime_init.c.obj
                0x10002624                runtime_init_rp2040_gpio_ie_disable
 .text.runtime_init_spin_locks_reset
                0x10002638        0x8 CMakeFiles/display_i2c.dir/C_/Users/Sara/.pico-sdk/sdk/2.1.0/src/rp2_common/pico_runtime_init/runtime_init.c.obj
                0x10002638                runtime_init_spin_locks_reset
 .text.runtime_init_install_ram_vector_table
                0x10002640       0x1c CMakeFiles/display_i2c.dir/C_/Users/Sara/.pico-sdk/sdk/2.1.0/src/rp2_common/pico_runtime_init/runtime_init.c.obj
                0x10002640                runtime_init_install_ram_vector_table
 .text.runtime_init_clocks
                0x1000265c       0xd8 CMakeFiles/display_i2c.dir/C_/Users/Sara/.pico-sdk/sdk/2.1.0/src/rp2_common/pico_runtime_init/runtime_init_clocks.c.obj
                0x1000265c                runtime_init_clocks
 .text          0x10002734       0x10 CMakeFiles/display_i2c.dir/C_/Users/Sara/.pico-sdk/sdk/2.1.0/src/rp2_common/pico_bit_ops/bit_ops_aeabi.S.obj
 .text.__wrap___aeabi_idiv
                0x10002744       0x50 CMakeFiles/display_i2c.dir/C_/Users/Sara/.pico-sdk/sdk/2.1.0/src/rp2_common/pico_divider/divider_hardware.S.obj
                0x10002744                __wrap___aeabi_idivmod
                0x10002744                divmod_s32s32
                0x10002744                div_s32s32
                0x10002744                __wrap___aeabi_idiv
                0x1000274c                divmod_s32s32_unsafe
                0x10002778                divmod_s32s32_savestate
 .text.__wrap___aeabi_uidiv
                0x10002794       0x4c CMakeFiles/display_i2c.dir/C_/Users/Sara/.pico-sdk/sdk/2.1.0/src/rp2_common/pico_divider/divider_hardware.S.obj
                0x10002794                __wrap___aeabi_uidiv
                0x10002794                __wrap___aeabi_uidivmod
                0x10002794                div_u32u32
                0x10002794                divmod_u32u32
                0x1000279c                divmod_u32u32_unsafe
                0x100027c4                divmod_u32u32_savestate
 .text.__wrap___aeabi_ldiv
                0x100027e0      0x424 CMakeFiles/display_i2c.dir/C_/Users/Sara/.pico-sdk/sdk/2.1.0/src/rp2_common/pico_divider/divider_hardware.S.obj
                0x100027e0                div_s64s64
                0x100027e0                divmod_s64s64
                0x100027e0                __wrap___aeabi_ldivmod
                0x10002810                divmod_u64u64
                0x10002810                div_u64u64
                0x10002810                __wrap___aeabi_uldivmod
                0x10002820                divmod_u64u64_savestate
                0x10002840                divmod_s64s64_unsafe
                0x100028c8                divmod_u64u64_unsafe
 .text.__wrap___aeabi_darithmetic
                0x10002c04       0x60 CMakeFiles/display_i2c.dir/C_/Users/Sara/.pico-sdk/sdk/2.1.0/src/rp2_common/pico_double/double_aeabi_rp2040.S.obj
                0x10002c04                __wrap___aeabi_drsub
                0x10002c0a                __wrap___aeabi_dsub
                0x10002c14                __wrap___aeabi_dadd
                0x10002c1e                __wrap___aeabi_ddiv
                0x10002c52                __wrap___aeabi_dmul
 .text.__wrap___aeabi_cdcmple
                0x10002c64       0x6c CMakeFiles/display_i2c.dir/C_/Users/Sara/.pico-sdk/sdk/2.1.0/src/rp2_common/pico_double/double_aeabi_rp2040.S.obj
                0x10002c64                __wrap___aeabi_cdrcmple
                0x10002c74                __wrap___aeabi_cdcmpeq
                0x10002c74                __wrap___aeabi_cdcmple
 .text.__wrap___aeabi_dcmpeq
                0x10002cd0       0x10 CMakeFiles/display_i2c.dir/C_/Users/Sara/.pico-sdk/sdk/2.1.0/src/rp2_common/pico_double/double_aeabi_rp2040.S.obj
                0x10002cd0                __wrap___aeabi_dcmpeq
 .text.__wrap___aeabi_dcmplt
                0x10002ce0        0xc CMakeFiles/display_i2c.dir/C_/Users/Sara/.pico-sdk/sdk/2.1.0/src/rp2_common/pico_double/double_aeabi_rp2040.S.obj
                0x10002ce0                __wrap___aeabi_dcmplt
 .text.__wrap___aeabi_dcmple
                0x10002cec       0x10 CMakeFiles/display_i2c.dir/C_/Users/Sara/.pico-sdk/sdk/2.1.0/src/rp2_common/pico_double/double_aeabi_rp2040.S.obj
                0x10002cec                __wrap___aeabi_dcmple
 .text.__wrap___aeabi_dcmpge
                0x10002cfc       0x10 CMakeFiles/display_i2c.dir/C_/Users/Sara/.pico-sdk/sdk/2.1.0/src/rp2_common/pico_double/double_aeabi_rp2040.S.obj
                0x10002cfc                __wrap___aeabi_dcmpge
 .text.__wrap___aeabi_dcmpgt
                0x10002d0c        0xa CMakeFiles/display_i2c.dir/C_/Users/Sara/.pico-sdk/sdk/2.1.0/src/rp2_common/pico_double/double_aeabi_rp2040.S.obj
                0x10002d0c                __wrap___aeabi_dcmpgt
 .text.__wrap___aeabi_dcmpun
                0x10002d16       0x18 CMakeFiles/display_i2c.dir/C_/Users/Sara/.pico-sdk/sdk/2.1.0/src/rp2_common/pico_double/double_aeabi_rp2040.S.obj
                0x10002d16                __wrap___aeabi_dcmpun
 *fill*         0x10002d2e        0x2 
 .text.__wrap___aeabi_i2d
                0x10002d30       0x38 CMakeFiles/display_i2c.dir/C_/Users/Sara/.pico-sdk/sdk/2.1.0/src/rp2_common/pico_double/double_aeabi_rp2040.S.obj
                0x10002d30                __wrap___aeabi_ui2d
                0x10002d38                __wrap___aeabi_i2d
 .text.__wrap___aeabi_d2iz
                0x10002d68       0x48 CMakeFiles/display_i2c.dir/C_/Users/Sara/.pico-sdk/sdk/2.1.0/src/rp2_common/pico_double/double_aeabi_rp2040.S.obj
                0x10002d68                double2int_z
                0x10002d68                __wrap___aeabi_d2iz
 .text.__wrap___aeabi_d2uiz
                0x10002db0       0x10 CMakeFiles/display_i2c.dir/C_/Users/Sara/.pico-sdk/sdk/2.1.0/src/rp2_common/pico_double/double_aeabi_rp2040.S.obj
                0x10002db0                __wrap___aeabi_d2uiz
                0x10002db0                double2uint
 .text.__wrap___aeabi_l2d
                0x10002dc0       0x10 CMakeFiles/display_i2c.dir/C_/Users/Sara/.pico-sdk/sdk/2.1.0/src/rp2_common/pico_double/double_aeabi_rp2040.S.obj
                0x10002dc0                __wrap___aeabi_l2d
 .text.__wrap___aeabi_d2lz
                0x10002dd0       0x26 CMakeFiles/display_i2c.dir/C_/Users/Sara/.pico-sdk/sdk/2.1.0/src/rp2_common/pico_double/double_aeabi_rp2040.S.obj
                0x10002dd0                double2int64_z
                0x10002dd0                __wrap___aeabi_d2lz
 *fill*         0x10002df6        0x2 
 .text.double2int64
                0x10002df8       0x10 CMakeFiles/display_i2c.dir/C_/Users/Sara/.pico-sdk/sdk/2.1.0/src/rp2_common/pico_double/double_aeabi_rp2040.S.obj
                0x10002df8                double2int64
 .text.double2ufix64
                0x10002e08       0x10 CMakeFiles/display_i2c.dir/C_/Users/Sara/.pico-sdk/sdk/2.1.0/src/rp2_common/pico_double/double_aeabi_rp2040.S.obj
                0x10002e08                double2ufix64
 .text.__wrap___aeabi_d2f
                0x10002e18       0x10 CMakeFiles/display_i2c.dir/C_/Users/Sara/.pico-sdk/sdk/2.1.0/src/rp2_common/pico_double/double_aeabi_rp2040.S.obj
                0x10002e18                __wrap___aeabi_d2f
 .text.missing_double_func_shim
                0x10002e28        0xc CMakeFiles/display_i2c.dir/C_/Users/Sara/.pico-sdk/sdk/2.1.0/src/rp2_common/pico_double/double_init_rom_rp2040.c.obj
 .text.__aeabi_double_init
                0x10002e34       0xa0 CMakeFiles/display_i2c.dir/C_/Users/Sara/.pico-sdk/sdk/2.1.0/src/rp2_common/pico_double/double_init_rom_rp2040.c.obj
                0x10002e34                __aeabi_double_init
 .text.double_table_shim_on_use_helper
                0x10002ed4       0x2c CMakeFiles/display_i2c.dir/C_/Users/Sara/.pico-sdk/sdk/2.1.0/src/rp2_common/pico_double/double_v1_rom_shim_rp2040.S.obj
                0x10002ed4                double_table_shim_on_use_helper
 .text.__aeabi_lmul
                0x10002f00       0x32 CMakeFiles/display_i2c.dir/C_/Users/Sara/.pico-sdk/sdk/2.1.0/src/rp2_common/pico_int64_ops/pico_int64_ops_aeabi.S.obj
                0x10002f00                __wrap___aeabi_lmul
 *fill*         0x10002f32        0x2 
 .text.__wrap___aeabi_farithmetic
                0x10002f34       0x48 CMakeFiles/display_i2c.dir/C_/Users/Sara/.pico-sdk/sdk/2.1.0/src/rp2_common/pico_float/float_aeabi_rp2040.S.obj
                0x10002f34                __wrap___aeabi_frsub
                0x10002f3a                __wrap___aeabi_fsub
                0x10002f40                __wrap___aeabi_fadd
                0x10002f46                __wrap___aeabi_fdiv
                0x10002f6e                __wrap___aeabi_fmul
 .text.__wrap___aeabi_ui2f
                0x10002f7c        0xa CMakeFiles/display_i2c.dir/C_/Users/Sara/.pico-sdk/sdk/2.1.0/src/rp2_common/pico_float/float_aeabi_rp2040.S.obj
                0x10002f7c                __wrap___aeabi_ui2f
                0x10002f7c                uint2float
 *fill*         0x10002f86        0x2 
 .text.__wrap___aeabi_i2f
                0x10002f88       0x44 CMakeFiles/display_i2c.dir/C_/Users/Sara/.pico-sdk/sdk/2.1.0/src/rp2_common/pico_float/float_aeabi_rp2040.S.obj
                0x10002f88                __wrap___aeabi_i2f
                0x10002f88                int2float
 .text.__wrap___aeabi_f2uiz
                0x10002fcc        0xc CMakeFiles/display_i2c.dir/C_/Users/Sara/.pico-sdk/sdk/2.1.0/src/rp2_common/pico_float/float_aeabi_rp2040.S.obj
                0x10002fcc                __wrap___aeabi_f2uiz
                0x10002fcc                float2uint_z
 .text.missing_float_func_shim
                0x10002fd8        0xc CMakeFiles/display_i2c.dir/C_/Users/Sara/.pico-sdk/sdk/2.1.0/src/rp2_common/pico_float/float_init_rom_rp2040.c.obj
 .text.__aeabi_float_init
                0x10002fe4       0x5c CMakeFiles/display_i2c.dir/C_/Users/Sara/.pico-sdk/sdk/2.1.0/src/rp2_common/pico_float/float_init_rom_rp2040.c.obj
                0x10002fe4                __aeabi_float_init
 .text.__wrap_malloc
                0x10003040       0x24 CMakeFiles/display_i2c.dir/C_/Users/Sara/.pico-sdk/sdk/2.1.0/src/rp2_common/pico_malloc/malloc.c.obj
                0x10003040                __wrap_malloc
 .text.__wrap_calloc
                0x10003064       0x28 CMakeFiles/display_i2c.dir/C_/Users/Sara/.pico-sdk/sdk/2.1.0/src/rp2_common/pico_malloc/malloc.c.obj
                0x10003064                __wrap_calloc
 .text.__wrap_realloc
                0x1000308c       0x24 CMakeFiles/display_i2c.dir/C_/Users/Sara/.pico-sdk/sdk/2.1.0/src/rp2_common/pico_malloc/malloc.c.obj
                0x1000308c                __wrap_realloc
 .text.__wrap_free
                0x100030b0        0x8 CMakeFiles/display_i2c.dir/C_/Users/Sara/.pico-sdk/sdk/2.1.0/src/rp2_common/pico_malloc/malloc.c.obj
                0x100030b0                __wrap_free
 .text          0x100030b8       0x10 CMakeFiles/display_i2c.dir/C_/Users/Sara/.pico-sdk/sdk/2.1.0/src/rp2_common/pico_mem_ops/mem_ops_aeabi.S.obj
                0x100030b8                __aeabi_mem_init
 .text.memset   0x100030c8        0xc CMakeFiles/display_i2c.dir/C_/Users/Sara/.pico-sdk/sdk/2.1.0/src/rp2_common/pico_mem_ops/mem_ops_aeabi.S.obj
                0x100030c8                __wrap_memset
 .text.memcpy   0x100030d4        0xc CMakeFiles/display_i2c.dir/C_/Users/Sara/.pico-sdk/sdk/2.1.0/src/rp2_common/pico_mem_ops/mem_ops_aeabi.S.obj
                0x100030d4                __wrap_memcpy
                0x100030d4                __wrap___aeabi_memcpy
 .text._out_buffer
                0x100030e0        0x8 CMakeFiles/display_i2c.dir/C_/Users/Sara/.pico-sdk/sdk/2.1.0/src/rp2_common/pico_printf/printf.c.obj
 .text._out_null
                0x100030e8        0x4 CMakeFiles/display_i2c.dir/C_/Users/Sara/.pico-sdk/sdk/2.1.0/src/rp2_common/pico_printf/printf.c.obj
 .text._out_rev
                0x100030ec       0xac CMakeFiles/display_i2c.dir/C_/Users/Sara/.pico-sdk/sdk/2.1.0/src/rp2_common/pico_printf/printf.c.obj
 .text._ntoa_format
                0x10003198      0x250 CMakeFiles/display_i2c.dir/C_/Users/Sara/.pico-sdk/sdk/2.1.0/src/rp2_common/pico_printf/printf.c.obj
 .text._out_char
                0x100033e8       0x10 CMakeFiles/display_i2c.dir/C_/Users/Sara/.pico-sdk/sdk/2.1.0/src/rp2_common/pico_printf/printf.c.obj
 .text._out_fct
                0x100033f8       0x10 CMakeFiles/display_i2c.dir/C_/Users/Sara/.pico-sdk/sdk/2.1.0/src/rp2_common/pico_printf/printf.c.obj
 .text._etoa    0x10003408      0x464 CMakeFiles/display_i2c.dir/C_/Users/Sara/.pico-sdk/sdk/2.1.0/src/rp2_common/pico_printf/printf.c.obj
 .text._ftoa    0x1000386c      0x3c0 CMakeFiles/display_i2c.dir/C_/Users/Sara/.pico-sdk/sdk/2.1.0/src/rp2_common/pico_printf/printf.c.obj
 .text._vsnprintf
                0x10003c2c      0xbc8 CMakeFiles/display_i2c.dir/C_/Users/Sara/.pico-sdk/sdk/2.1.0/src/rp2_common/pico_printf/printf.c.obj
 .text.__wrap_sprintf
                0x100047f4       0x2c CMakeFiles/display_i2c.dir/C_/Users/Sara/.pico-sdk/sdk/2.1.0/src/rp2_common/pico_printf/printf.c.obj
                0x100047f4                __wrap_sprintf
 .text.vfctprintf
                0x10004820       0x20 CMakeFiles/display_i2c.dir/C_/Users/Sara/.pico-sdk/sdk/2.1.0/src/rp2_common/pico_printf/printf.c.obj
                0x10004820                vfctprintf
 .text.weak_raw_printf
                0x10004840       0x40 CMakeFiles/display_i2c.dir/C_/Users/Sara/.pico-sdk/sdk/2.1.0/src/rp2_common/pico_printf/printf.c.obj
                0x10004840                weak_raw_printf
 .text.weak_raw_vprintf
                0x10004880       0x30 CMakeFiles/display_i2c.dir/C_/Users/Sara/.pico-sdk/sdk/2.1.0/src/rp2_common/pico_printf/printf.c.obj
                0x10004880                weak_raw_vprintf
 .text._exit    0x100048b0        0x4 CMakeFiles/display_i2c.dir/C_/Users/Sara/.pico-sdk/sdk/2.1.0/src/rp2_common/pico_clib_interface/newlib_interface.c.obj
                0x100048b0                _exit
 .text._sbrk    0x100048b4       0x34 CMakeFiles/display_i2c.dir/C_/Users/Sara/.pico-sdk/sdk/2.1.0/src/rp2_common/pico_clib_interface/newlib_interface.c.obj
                0x100048b4                _sbrk
 .text._read    0x100048e8       0x24 CMakeFiles/display_i2c.dir/C_/Users/Sara/.pico-sdk/sdk/2.1.0/src/rp2_common/pico_clib_interface/newlib_interface.c.obj
                0x100048e8                _read
 .text._write   0x1000490c       0x24 CMakeFiles/display_i2c.dir/C_/Users/Sara/.pico-sdk/sdk/2.1.0/src/rp2_common/pico_clib_interface/newlib_interface.c.obj
                0x1000490c                _write
 .text._close   0x10004930        0x8 CMakeFiles/display_i2c.dir/C_/Users/Sara/.pico-sdk/sdk/2.1.0/src/rp2_common/pico_clib_interface/newlib_interface.c.obj
                0x10004930                _close
 .text._lseek   0x10004938        0x8 CMakeFiles/display_i2c.dir/C_/Users/Sara/.pico-sdk/sdk/2.1.0/src/rp2_common/pico_clib_interface/newlib_interface.c.obj
                0x10004938                _lseek
 .text._fstat   0x10004940        0x8 CMakeFiles/display_i2c.dir/C_/Users/Sara/.pico-sdk/sdk/2.1.0/src/rp2_common/pico_clib_interface/newlib_interface.c.obj
                0x10004940                _fstat
 .text._isatty  0x10004948        0xc CMakeFiles/display_i2c.dir/C_/Users/Sara/.pico-sdk/sdk/2.1.0/src/rp2_common/pico_clib_interface/newlib_interface.c.obj
                0x10004948                _isatty
 .text.exit     0x10004954        0x8 CMakeFiles/display_i2c.dir/C_/Users/Sara/.pico-sdk/sdk/2.1.0/src/rp2_common/pico_clib_interface/newlib_interface.c.obj
                0x10004954                exit
 .text.__assert_func
                0x1000495c       0x38 CMakeFiles/display_i2c.dir/C_/Users/Sara/.pico-sdk/sdk/2.1.0/src/rp2_common/pico_clib_interface/newlib_interface.c.obj
                0x1000495c                __assert_func
 .text.runtime_init
                0x10004994       0x2c CMakeFiles/display_i2c.dir/C_/Users/Sara/.pico-sdk/sdk/2.1.0/src/rp2_common/pico_clib_interface/newlib_interface.c.obj
                0x10004994                runtime_init
 .text.stdio_out_chars_no_crlf
                0x100049c0       0x10 CMakeFiles/display_i2c.dir/C_/Users/Sara/.pico-sdk/sdk/2.1.0/src/rp2_common/pico_stdio/stdio.c.obj
 .text.stdio_out_chars_crlf
                0x100049d0       0x94 CMakeFiles/display_i2c.dir/C_/Users/Sara/.pico-sdk/sdk/2.1.0/src/rp2_common/pico_stdio/stdio.c.obj
 .text.stdio_buffered_printer
                0x10004a64       0x64 CMakeFiles/display_i2c.dir/C_/Users/Sara/.pico-sdk/sdk/2.1.0/src/rp2_common/pico_stdio/stdio.c.obj
 .text.stdio_put_string
                0x10004ac8      0x100 CMakeFiles/display_i2c.dir/C_/Users/Sara/.pico-sdk/sdk/2.1.0/src/rp2_common/pico_stdio/stdio.c.obj
                0x10004ac8                stdio_put_string
 .text.stdio_get_until
                0x10004bc8       0x84 CMakeFiles/display_i2c.dir/C_/Users/Sara/.pico-sdk/sdk/2.1.0/src/rp2_common/pico_stdio/stdio.c.obj
                0x10004bc8                stdio_get_until
 .text.stdio_set_driver_enabled
                0x10004c4c       0x30 CMakeFiles/display_i2c.dir/C_/Users/Sara/.pico-sdk/sdk/2.1.0/src/rp2_common/pico_stdio/stdio.c.obj
                0x10004c4c                stdio_set_driver_enabled
 .text.stdio_init_all
                0x10004c7c        0x8 CMakeFiles/display_i2c.dir/C_/Users/Sara/.pico-sdk/sdk/2.1.0/src/rp2_common/pico_stdio/stdio.c.obj
                0x10004c7c                stdio_init_all
 .text.__wrap_putchar
                0x10004c84       0x98 CMakeFiles/display_i2c.dir/C_/Users/Sara/.pico-sdk/sdk/2.1.0/src/rp2_common/pico_stdio/stdio.c.obj
                0x10004c84                __wrap_putchar
                0x10004c84                stdio_putchar
 .text.__wrap_puts
                0x10004d1c       0x3c CMakeFiles/display_i2c.dir/C_/Users/Sara/.pico-sdk/sdk/2.1.0/src/rp2_common/pico_stdio/stdio.c.obj
                0x10004d1c                stdio_puts
                0x10004d1c                __wrap_puts
 .text.__wrap_vprintf
                0x10004d58       0xd4 CMakeFiles/display_i2c.dir/C_/Users/Sara/.pico-sdk/sdk/2.1.0/src/rp2_common/pico_stdio/stdio.c.obj
                0x10004d58                stdio_vprintf
                0x10004d58                __wrap_vprintf
 .text.__wrap_printf
                0x10004e2c       0x18 CMakeFiles/display_i2c.dir/C_/Users/Sara/.pico-sdk/sdk/2.1.0/src/rp2_common/pico_stdio/stdio.c.obj
                0x10004e2c                __wrap_printf
                0x10004e2c                stdio_printf
 .text.resetd_init
                0x10004e44        0x4 CMakeFiles/display_i2c.dir/C_/Users/Sara/.pico-sdk/sdk/2.1.0/src/rp2_common/pico_stdio_usb/reset_interface.c.obj
 .text.resetd_reset
                0x10004e48        0xc CMakeFiles/display_i2c.dir/C_/Users/Sara/.pico-sdk/sdk/2.1.0/src/rp2_common/pico_stdio_usb/reset_interface.c.obj
 .text.resetd_open
                0x10004e54       0x28 CMakeFiles/display_i2c.dir/C_/Users/Sara/.pico-sdk/sdk/2.1.0/src/rp2_common/pico_stdio_usb/reset_interface.c.obj
 .text.resetd_xfer_cb
                0x10004e7c        0x4 CMakeFiles/display_i2c.dir/C_/Users/Sara/.pico-sdk/sdk/2.1.0/src/rp2_common/pico_stdio_usb/reset_interface.c.obj
 .text.resetd_control_xfer_cb
                0x10004e80       0x5c CMakeFiles/display_i2c.dir/C_/Users/Sara/.pico-sdk/sdk/2.1.0/src/rp2_common/pico_stdio_usb/reset_interface.c.obj
 .text.tud_descriptor_bos_cb
                0x10004edc        0x8 CMakeFiles/display_i2c.dir/C_/Users/Sara/.pico-sdk/sdk/2.1.0/src/rp2_common/pico_stdio_usb/reset_interface.c.obj
                0x10004edc                tud_descriptor_bos_cb
 .text.tud_vendor_control_xfer_cb
                0x10004ee4       0x34 CMakeFiles/display_i2c.dir/C_/Users/Sara/.pico-sdk/sdk/2.1.0/src/rp2_common/pico_stdio_usb/reset_interface.c.obj
                0x10004ee4                tud_vendor_control_xfer_cb
 .text.usbd_app_driver_get_cb
                0x10004f18        0xc CMakeFiles/display_i2c.dir/C_/Users/Sara/.pico-sdk/sdk/2.1.0/src/rp2_common/pico_stdio_usb/reset_interface.c.obj
                0x10004f18                usbd_app_driver_get_cb
 .text.tud_cdc_line_coding_cb
                0x10004f24       0x2c CMakeFiles/display_i2c.dir/C_/Users/Sara/.pico-sdk/sdk/2.1.0/src/rp2_common/pico_stdio_usb/reset_interface.c.obj
                0x10004f24                tud_cdc_line_coding_cb
 .text.stdio_usb_set_chars_available_callback
                0x10004f50       0x14 CMakeFiles/display_i2c.dir/C_/Users/Sara/.pico-sdk/sdk/2.1.0/src/rp2_common/pico_stdio_usb/stdio_usb.c.obj
                0x10004f50                stdio_usb_set_chars_available_callback
 .text.usb_irq  0x10004f64       0x10 CMakeFiles/display_i2c.dir/C_/Users/Sara/.pico-sdk/sdk/2.1.0/src/rp2_common/pico_stdio_usb/stdio_usb.c.obj
 .text.timer_task
                0x10004f74       0x64 CMakeFiles/display_i2c.dir/C_/Users/Sara/.pico-sdk/sdk/2.1.0/src/rp2_common/pico_stdio_usb/stdio_usb.c.obj
 .text.stdio_usb_in_chars
                0x10004fd8       0x90 CMakeFiles/display_i2c.dir/C_/Users/Sara/.pico-sdk/sdk/2.1.0/src/rp2_common/pico_stdio_usb/stdio_usb.c.obj
                0x10004fd8                stdio_usb_in_chars
 .text.stdio_usb_out_flush
                0x10005068       0x50 CMakeFiles/display_i2c.dir/C_/Users/Sara/.pico-sdk/sdk/2.1.0/src/rp2_common/pico_stdio_usb/stdio_usb.c.obj
 .text.stdio_usb_out_chars
                0x100050b8      0x104 CMakeFiles/display_i2c.dir/C_/Users/Sara/.pico-sdk/sdk/2.1.0/src/rp2_common/pico_stdio_usb/stdio_usb.c.obj
 .text.low_priority_worker_irq
                0x100051bc       0xcc CMakeFiles/display_i2c.dir/C_/Users/Sara/.pico-sdk/sdk/2.1.0/src/rp2_common/pico_stdio_usb/stdio_usb.c.obj
 .text.stdio_usb_init
                0x10005288       0xe8 CMakeFiles/display_i2c.dir/C_/Users/Sara/.pico-sdk/sdk/2.1.0/src/rp2_common/pico_stdio_usb/stdio_usb.c.obj
                0x10005288                stdio_usb_init
 .text.tud_descriptor_device_cb
                0x10005370        0x8 CMakeFiles/display_i2c.dir/C_/Users/Sara/.pico-sdk/sdk/2.1.0/src/rp2_common/pico_stdio_usb/stdio_usb_descriptors.c.obj
                0x10005370                tud_descriptor_device_cb
 .text.tud_descriptor_configuration_cb
                0x10005378        0x8 CMakeFiles/display_i2c.dir/C_/Users/Sara/.pico-sdk/sdk/2.1.0/src/rp2_common/pico_stdio_usb/stdio_usb_descriptors.c.obj
                0x10005378                tud_descriptor_configuration_cb
 .text.tud_descriptor_string_cb
                0x10005380       0x78 CMakeFiles/display_i2c.dir/C_/Users/Sara/.pico-sdk/sdk/2.1.0/src/rp2_common/pico_stdio_usb/stdio_usb_descriptors.c.obj
                0x10005380                tud_descriptor_string_cb
 .text.startup._retrieve_unique_id_on_boot
                0x100053f8       0x10 CMakeFiles/display_i2c.dir/C_/Users/Sara/.pico-sdk/sdk/2.1.0/src/rp2_common/pico_unique_id/unique_id.c.obj
 .text.pico_get_unique_board_id_string
                0x10005408      0x1a8 CMakeFiles/display_i2c.dir/C_/Users/Sara/.pico-sdk/sdk/2.1.0/src/rp2_common/pico_unique_id/unique_id.c.obj
                0x10005408                pico_get_unique_board_id_string
 .text.flash_get_unique_id
                0x100055b0       0x3c CMakeFiles/display_i2c.dir/C_/Users/Sara/.pico-sdk/sdk/2.1.0/src/rp2_common/hardware_flash/flash.c.obj
                0x100055b0                flash_get_unique_id
 .text.dcd_init
                0x100055ec       0x8c CMakeFiles/display_i2c.dir/C_/Users/Sara/.pico-sdk/sdk/2.1.0/lib/tinyusb/src/portable/raspberrypi/rp2040/dcd_rp2040.c.obj
                0x100055ec                dcd_init
 .text.dcd_int_enable
                0x10005678        0xc CMakeFiles/display_i2c.dir/C_/Users/Sara/.pico-sdk/sdk/2.1.0/lib/tinyusb/src/portable/raspberrypi/rp2040/dcd_rp2040.c.obj
                0x10005678                dcd_int_enable
 .text.dcd_set_address
                0x10005684       0x14 CMakeFiles/display_i2c.dir/C_/Users/Sara/.pico-sdk/sdk/2.1.0/lib/tinyusb/src/portable/raspberrypi/rp2040/dcd_rp2040.c.obj
                0x10005684                dcd_set_address
 .text.dcd_sof_enable
                0x10005698       0x1c CMakeFiles/display_i2c.dir/C_/Users/Sara/.pico-sdk/sdk/2.1.0/lib/tinyusb/src/portable/raspberrypi/rp2040/dcd_rp2040.c.obj
                0x10005698                dcd_sof_enable
 .text.dcd_edpt0_status_complete
                0x100056b4       0x1c CMakeFiles/display_i2c.dir/C_/Users/Sara/.pico-sdk/sdk/2.1.0/lib/tinyusb/src/portable/raspberrypi/rp2040/dcd_rp2040.c.obj
                0x100056b4                dcd_edpt0_status_complete
 .text.dcd_edpt_open
                0x100056d0      0x108 CMakeFiles/display_i2c.dir/C_/Users/Sara/.pico-sdk/sdk/2.1.0/lib/tinyusb/src/portable/raspberrypi/rp2040/dcd_rp2040.c.obj
                0x100056d0                dcd_edpt_open
 .text.dcd_edpt_close_all
                0x100057d8        0x8 CMakeFiles/display_i2c.dir/C_/Users/Sara/.pico-sdk/sdk/2.1.0/lib/tinyusb/src/portable/raspberrypi/rp2040/dcd_rp2040.c.obj
                0x100057d8                dcd_edpt_close_all
 .text.dcd_edpt_xfer
                0x100057e0       0x24 CMakeFiles/display_i2c.dir/C_/Users/Sara/.pico-sdk/sdk/2.1.0/lib/tinyusb/src/portable/raspberrypi/rp2040/dcd_rp2040.c.obj
                0x100057e0                dcd_edpt_xfer
 .text.dcd_edpt_stall
                0x10005804       0x34 CMakeFiles/display_i2c.dir/C_/Users/Sara/.pico-sdk/sdk/2.1.0/lib/tinyusb/src/portable/raspberrypi/rp2040/dcd_rp2040.c.obj
                0x10005804                dcd_edpt_stall
 .text.dcd_edpt_clear_stall
                0x10005838       0x30 CMakeFiles/display_i2c.dir/C_/Users/Sara/.pico-sdk/sdk/2.1.0/lib/tinyusb/src/portable/raspberrypi/rp2040/dcd_rp2040.c.obj
                0x10005838                dcd_edpt_clear_stall
 .text.rp2040_usb_init
                0x10005868       0x40 CMakeFiles/display_i2c.dir/C_/Users/Sara/.pico-sdk/sdk/2.1.0/lib/tinyusb/src/portable/raspberrypi/rp2040/rp2040_usb.c.obj
                0x10005868                rp2040_usb_init
 .text.hw_endpoint_xfer_start
                0x100058a8       0x40 CMakeFiles/display_i2c.dir/C_/Users/Sara/.pico-sdk/sdk/2.1.0/lib/tinyusb/src/portable/raspberrypi/rp2040/rp2040_usb.c.obj
                0x100058a8                hw_endpoint_xfer_start
 .text.tud_event_hook_cb
                0x100058e8        0x4 CMakeFiles/display_i2c.dir/C_/Users/Sara/.pico-sdk/sdk/2.1.0/lib/tinyusb/src/device/usbd.c.obj
                0x100058e8                tud_event_hook_cb
 .text.tud_sof_cb
                0x100058ec        0x4 CMakeFiles/display_i2c.dir/C_/Users/Sara/.pico-sdk/sdk/2.1.0/lib/tinyusb/src/device/usbd.c.obj
                0x100058ec                tud_sof_cb
 .text.tud_descriptor_device_qualifier_cb
                0x100058f0        0x4 CMakeFiles/display_i2c.dir/C_/Users/Sara/.pico-sdk/sdk/2.1.0/lib/tinyusb/src/device/usbd.c.obj
                0x100058f0                tud_descriptor_device_qualifier_cb
 .text.tud_descriptor_other_speed_configuration_cb
                0x100058f4        0x4 CMakeFiles/display_i2c.dir/C_/Users/Sara/.pico-sdk/sdk/2.1.0/lib/tinyusb/src/device/usbd.c.obj
                0x100058f4                tud_descriptor_other_speed_configuration_cb
 .text.tud_mount_cb
                0x100058f8        0x4 CMakeFiles/display_i2c.dir/C_/Users/Sara/.pico-sdk/sdk/2.1.0/lib/tinyusb/src/device/usbd.c.obj
                0x100058f8                tud_mount_cb
 .text.tud_umount_cb
                0x100058fc        0x4 CMakeFiles/display_i2c.dir/C_/Users/Sara/.pico-sdk/sdk/2.1.0/lib/tinyusb/src/device/usbd.c.obj
                0x100058fc                tud_umount_cb
 .text.tud_suspend_cb
                0x10005900        0x4 CMakeFiles/display_i2c.dir/C_/Users/Sara/.pico-sdk/sdk/2.1.0/lib/tinyusb/src/device/usbd.c.obj
                0x10005900                tud_suspend_cb
 .text.tud_resume_cb
                0x10005904        0x4 CMakeFiles/display_i2c.dir/C_/Users/Sara/.pico-sdk/sdk/2.1.0/lib/tinyusb/src/device/usbd.c.obj
                0x10005904                tud_resume_cb
 .text.tud_mounted
                0x10005908       0x10 CMakeFiles/display_i2c.dir/C_/Users/Sara/.pico-sdk/sdk/2.1.0/lib/tinyusb/src/device/usbd.c.obj
                0x10005908                tud_mounted
 .text.tud_suspended
                0x10005918       0x10 CMakeFiles/display_i2c.dir/C_/Users/Sara/.pico-sdk/sdk/2.1.0/lib/tinyusb/src/device/usbd.c.obj
                0x10005918                tud_suspended
 .text.tud_init
                0x10005928       0xe4 CMakeFiles/display_i2c.dir/C_/Users/Sara/.pico-sdk/sdk/2.1.0/lib/tinyusb/src/device/usbd.c.obj
                0x10005928                tud_init
 .text.tud_task_ext
                0x10005a0c      0x800 CMakeFiles/display_i2c.dir/C_/Users/Sara/.pico-sdk/sdk/2.1.0/lib/tinyusb/src/device/usbd.c.obj
                0x10005a0c                tud_task_ext
 .text.usbd_open_edpt_pair
                0x1000620c       0x9c CMakeFiles/display_i2c.dir/C_/Users/Sara/.pico-sdk/sdk/2.1.0/lib/tinyusb/src/device/usbd.c.obj
                0x1000620c                usbd_open_edpt_pair
 .text.usbd_edpt_open
                0x100062a8       0x34 CMakeFiles/display_i2c.dir/C_/Users/Sara/.pico-sdk/sdk/2.1.0/lib/tinyusb/src/device/usbd.c.obj
                0x100062a8                usbd_edpt_open
 .text.usbd_edpt_claim
                0x100062dc       0x28 CMakeFiles/display_i2c.dir/C_/Users/Sara/.pico-sdk/sdk/2.1.0/lib/tinyusb/src/device/usbd.c.obj
                0x100062dc                usbd_edpt_claim
 .text.usbd_edpt_release
                0x10006304       0x28 CMakeFiles/display_i2c.dir/C_/Users/Sara/.pico-sdk/sdk/2.1.0/lib/tinyusb/src/device/usbd.c.obj
                0x10006304                usbd_edpt_release
 .text.usbd_edpt_xfer
                0x1000632c       0x4c CMakeFiles/display_i2c.dir/C_/Users/Sara/.pico-sdk/sdk/2.1.0/lib/tinyusb/src/device/usbd.c.obj
                0x1000632c                usbd_edpt_xfer
 .text.tud_control_status
                0x10006378       0x2c CMakeFiles/display_i2c.dir/C_/Users/Sara/.pico-sdk/sdk/2.1.0/lib/tinyusb/src/device/usbd_control.c.obj
                0x10006378                tud_control_status
 .text.tud_control_xfer
                0x100063a4       0xac CMakeFiles/display_i2c.dir/C_/Users/Sara/.pico-sdk/sdk/2.1.0/lib/tinyusb/src/device/usbd_control.c.obj
                0x100063a4                tud_control_xfer
 .text.usbd_control_reset
                0x10006450       0x14 CMakeFiles/display_i2c.dir/C_/Users/Sara/.pico-sdk/sdk/2.1.0/lib/tinyusb/src/device/usbd_control.c.obj
                0x10006450                usbd_control_reset
 .text.usbd_control_set_complete_callback
                0x10006464        0xc CMakeFiles/display_i2c.dir/C_/Users/Sara/.pico-sdk/sdk/2.1.0/lib/tinyusb/src/device/usbd_control.c.obj
                0x10006464                usbd_control_set_complete_callback
 .text.usbd_control_set_request
                0x10006470       0x1c CMakeFiles/display_i2c.dir/C_/Users/Sara/.pico-sdk/sdk/2.1.0/lib/tinyusb/src/device/usbd_control.c.obj
                0x10006470                usbd_control_set_request
 .text.usbd_control_xfer_cb
                0x1000648c       0xec CMakeFiles/display_i2c.dir/C_/Users/Sara/.pico-sdk/sdk/2.1.0/lib/tinyusb/src/device/usbd_control.c.obj
                0x1000648c                usbd_control_xfer_cb
 .text._prep_out_transaction.isra.0
                0x10006578       0x5c CMakeFiles/display_i2c.dir/C_/Users/Sara/.pico-sdk/sdk/2.1.0/lib/tinyusb/src/class/cdc/cdc_device.c.obj
 .text.tud_cdc_n_connected
                0x100065d4       0x30 CMakeFiles/display_i2c.dir/C_/Users/Sara/.pico-sdk/sdk/2.1.0/lib/tinyusb/src/class/cdc/cdc_device.c.obj
                0x100065d4                tud_cdc_n_connected
 .text.tud_cdc_n_available
                0x10006604       0x18 CMakeFiles/display_i2c.dir/C_/Users/Sara/.pico-sdk/sdk/2.1.0/lib/tinyusb/src/class/cdc/cdc_device.c.obj
                0x10006604                tud_cdc_n_available
 .text.tud_cdc_n_read
                0x1000661c       0x98 CMakeFiles/display_i2c.dir/C_/Users/Sara/.pico-sdk/sdk/2.1.0/lib/tinyusb/src/class/cdc/cdc_device.c.obj
                0x1000661c                tud_cdc_n_read
 .text.tud_cdc_n_write_flush
                0x100066b4       0x78 CMakeFiles/display_i2c.dir/C_/Users/Sara/.pico-sdk/sdk/2.1.0/lib/tinyusb/src/class/cdc/cdc_device.c.obj
                0x100066b4                tud_cdc_n_write_flush
 .text.tud_cdc_n_write
                0x1000672c       0x40 CMakeFiles/display_i2c.dir/C_/Users/Sara/.pico-sdk/sdk/2.1.0/lib/tinyusb/src/class/cdc/cdc_device.c.obj
                0x1000672c                tud_cdc_n_write
 .text.tud_cdc_n_write_available
                0x1000676c       0x18 CMakeFiles/display_i2c.dir/C_/Users/Sara/.pico-sdk/sdk/2.1.0/lib/tinyusb/src/class/cdc/cdc_device.c.obj
                0x1000676c                tud_cdc_n_write_available
 .text.cdcd_init
                0x10006784       0x7c CMakeFiles/display_i2c.dir/C_/Users/Sara/.pico-sdk/sdk/2.1.0/lib/tinyusb/src/class/cdc/cdc_device.c.obj
                0x10006784                cdcd_init
 .text.cdcd_deinit
                0x10006800       0x34 CMakeFiles/display_i2c.dir/C_/Users/Sara/.pico-sdk/sdk/2.1.0/lib/tinyusb/src/class/cdc/cdc_device.c.obj
                0x10006800                cdcd_deinit
 .text.cdcd_reset
                0x10006834       0x4c CMakeFiles/display_i2c.dir/C_/Users/Sara/.pico-sdk/sdk/2.1.0/lib/tinyusb/src/class/cdc/cdc_device.c.obj
                0x10006834                cdcd_reset
 .text.cdcd_open
                0x10006880       0xb0 CMakeFiles/display_i2c.dir/C_/Users/Sara/.pico-sdk/sdk/2.1.0/lib/tinyusb/src/class/cdc/cdc_device.c.obj
                0x10006880                cdcd_open
 .text.cdcd_control_xfer_cb
                0x10006930       0xe4 CMakeFiles/display_i2c.dir/C_/Users/Sara/.pico-sdk/sdk/2.1.0/lib/tinyusb/src/class/cdc/cdc_device.c.obj
                0x10006930                cdcd_control_xfer_cb
 .text.cdcd_xfer_cb
                0x10006a14      0x100 CMakeFiles/display_i2c.dir/C_/Users/Sara/.pico-sdk/sdk/2.1.0/lib/tinyusb/src/class/cdc/cdc_device.c.obj
                0x10006a14                cdcd_xfer_cb
 .text.vendord_init
                0x10006b14       0x5c CMakeFiles/display_i2c.dir/C_/Users/Sara/.pico-sdk/sdk/2.1.0/lib/tinyusb/src/class/vendor/vendor_device.c.obj
                0x10006b14                vendord_init
 .text.vendord_deinit
                0x10006b70       0x1c CMakeFiles/display_i2c.dir/C_/Users/Sara/.pico-sdk/sdk/2.1.0/lib/tinyusb/src/class/vendor/vendor_device.c.obj
                0x10006b70                vendord_deinit
 .text.vendord_reset
                0x10006b8c       0x20 CMakeFiles/display_i2c.dir/C_/Users/Sara/.pico-sdk/sdk/2.1.0/lib/tinyusb/src/class/vendor/vendor_device.c.obj
                0x10006b8c                vendord_reset
 .text.vendord_open
                0x10006bac      0x138 CMakeFiles/display_i2c.dir/C_/Users/Sara/.pico-sdk/sdk/2.1.0/lib/tinyusb/src/class/vendor/vendor_device.c.obj
                0x10006bac                vendord_open
 .text.vendord_xfer_cb
                0x10006ce4       0x9c CMakeFiles/display_i2c.dir/C_/Users/Sara/.pico-sdk/sdk/2.1.0/lib/tinyusb/src/class/vendor/vendor_device.c.obj
                0x10006ce4                vendord_xfer_cb
 .text.tusb_init
                0x10006d80        0xc CMakeFiles/display_i2c.dir/C_/Users/Sara/.pico-sdk/sdk/2.1.0/lib/tinyusb/src/tusb.c.obj
                0x10006d80                tusb_init
 .text.tu_edpt_claim
                0x10006d8c       0x50 CMakeFiles/display_i2c.dir/C_/Users/Sara/.pico-sdk/sdk/2.1.0/lib/tinyusb/src/tusb.c.obj
                0x10006d8c                tu_edpt_claim
 .text.tu_edpt_release
                0x10006ddc       0x38 CMakeFiles/display_i2c.dir/C_/Users/Sara/.pico-sdk/sdk/2.1.0/lib/tinyusb/src/tusb.c.obj
                0x10006ddc                tu_edpt_release
 .text.tu_edpt_validate
                0x10006e14       0x7c CMakeFiles/display_i2c.dir/C_/Users/Sara/.pico-sdk/sdk/2.1.0/lib/tinyusb/src/tusb.c.obj
                0x10006e14                tu_edpt_validate
 .text.tu_edpt_bind_driver
                0x10006e90       0x34 CMakeFiles/display_i2c.dir/C_/Users/Sara/.pico-sdk/sdk/2.1.0/lib/tinyusb/src/tusb.c.obj
                0x10006e90                tu_edpt_bind_driver
 .text.tu_edpt_stream_init
                0x10006ec4       0x6c CMakeFiles/display_i2c.dir/C_/Users/Sara/.pico-sdk/sdk/2.1.0/lib/tinyusb/src/tusb.c.obj
                0x10006ec4                tu_edpt_stream_init
 .text.tu_edpt_stream_deinit
                0x10006f30        0x4 CMakeFiles/display_i2c.dir/C_/Users/Sara/.pico-sdk/sdk/2.1.0/lib/tinyusb/src/tusb.c.obj
                0x10006f30                tu_edpt_stream_deinit
 .text.tu_edpt_stream_write_zlp_if_needed
                0x10006f34       0x68 CMakeFiles/display_i2c.dir/C_/Users/Sara/.pico-sdk/sdk/2.1.0/lib/tinyusb/src/tusb.c.obj
                0x10006f34                tu_edpt_stream_write_zlp_if_needed
 .text.tu_edpt_stream_write_xfer
                0x10006f9c       0x64 CMakeFiles/display_i2c.dir/C_/Users/Sara/.pico-sdk/sdk/2.1.0/lib/tinyusb/src/tusb.c.obj
                0x10006f9c                tu_edpt_stream_write_xfer
 .text.tu_edpt_stream_read_xfer
                0x10007000       0xdc CMakeFiles/display_i2c.dir/C_/Users/Sara/.pico-sdk/sdk/2.1.0/lib/tinyusb/src/tusb.c.obj
                0x10007000                tu_edpt_stream_read_xfer
 .text.tu_fifo_config
                0x100070dc       0x6c CMakeFiles/display_i2c.dir/C_/Users/Sara/.pico-sdk/sdk/2.1.0/lib/tinyusb/src/common/tusb_fifo.c.obj
                0x100070dc                tu_fifo_config
 .text.tu_fifo_count
                0x10007148       0x2c CMakeFiles/display_i2c.dir/C_/Users/Sara/.pico-sdk/sdk/2.1.0/lib/tinyusb/src/common/tusb_fifo.c.obj
                0x10007148                tu_fifo_count
 .text.tu_fifo_empty
                0x10007174       0x10 CMakeFiles/display_i2c.dir/C_/Users/Sara/.pico-sdk/sdk/2.1.0/lib/tinyusb/src/common/tusb_fifo.c.obj
                0x10007174                tu_fifo_empty
 .text.tu_fifo_remaining
                0x10007184       0x2c CMakeFiles/display_i2c.dir/C_/Users/Sara/.pico-sdk/sdk/2.1.0/lib/tinyusb/src/common/tusb_fifo.c.obj
                0x10007184                tu_fifo_remaining
 .text.tu_fifo_read
                0x100071b0       0x9c CMakeFiles/display_i2c.dir/C_/Users/Sara/.pico-sdk/sdk/2.1.0/lib/tinyusb/src/common/tusb_fifo.c.obj
                0x100071b0                tu_fifo_read
 .text.tu_fifo_read_n
                0x1000724c       0xe8 CMakeFiles/display_i2c.dir/C_/Users/Sara/.pico-sdk/sdk/2.1.0/lib/tinyusb/src/common/tusb_fifo.c.obj
                0x1000724c                tu_fifo_read_n
 .text.tu_fifo_write
                0x10007334       0xa8 CMakeFiles/display_i2c.dir/C_/Users/Sara/.pico-sdk/sdk/2.1.0/lib/tinyusb/src/common/tusb_fifo.c.obj
                0x10007334                tu_fifo_write
 .text.tu_fifo_write_n
                0x100073dc      0x178 CMakeFiles/display_i2c.dir/C_/Users/Sara/.pico-sdk/sdk/2.1.0/lib/tinyusb/src/common/tusb_fifo.c.obj
                0x100073dc                tu_fifo_write_n
 .text.tu_fifo_clear
                0x10007554       0x40 CMakeFiles/display_i2c.dir/C_/Users/Sara/.pico-sdk/sdk/2.1.0/lib/tinyusb/src/common/tusb_fifo.c.obj
                0x10007554                tu_fifo_clear
 .text.tu_fifo_set_overwritable
                0x10007594       0x48 CMakeFiles/display_i2c.dir/C_/Users/Sara/.pico-sdk/sdk/2.1.0/lib/tinyusb/src/common/tusb_fifo.c.obj
                0x10007594                tu_fifo_set_overwritable
 .text.pio_claim_unused_sm
                0x100075dc       0x38 CMakeFiles/display_i2c.dir/C_/Users/Sara/.pico-sdk/sdk/2.1.0/src/rp2_common/hardware_pio/pio.c.obj
                0x100075dc                pio_claim_unused_sm
 .text.pio_add_program
                0x10007614      0x104 CMakeFiles/display_i2c.dir/C_/Users/Sara/.pico-sdk/sdk/2.1.0/src/rp2_common/hardware_pio/pio.c.obj
                0x10007614                pio_add_program
 .text.pio_sm_set_consecutive_pindirs
                0x10007718       0xb4 CMakeFiles/display_i2c.dir/C_/Users/Sara/.pico-sdk/sdk/2.1.0/src/rp2_common/hardware_pio/pio.c.obj
                0x10007718                pio_sm_set_consecutive_pindirs
 .text.pio_sm_init
                0x100077cc       0x9c CMakeFiles/display_i2c.dir/C_/Users/Sara/.pico-sdk/sdk/2.1.0/src/rp2_common/hardware_pio/pio.c.obj
                0x100077cc                pio_sm_init
 .text.i2c_write_blocking_internal.constprop.0
                0x10007868       0xd0 CMakeFiles/display_i2c.dir/C_/Users/Sara/.pico-sdk/sdk/2.1.0/src/rp2_common/hardware_i2c/i2c.c.obj
 .text.i2c_set_baudrate
                0x10007938       0xc0 CMakeFiles/display_i2c.dir/C_/Users/Sara/.pico-sdk/sdk/2.1.0/src/rp2_common/hardware_i2c/i2c.c.obj
                0x10007938                i2c_set_baudrate
 .text.i2c_init
                0x100079f8       0x50 CMakeFiles/display_i2c.dir/C_/Users/Sara/.pico-sdk/sdk/2.1.0/src/rp2_common/hardware_i2c/i2c.c.obj
                0x100079f8                i2c_init
 .text.i2c_write_blocking
                0x10007a48       0x14 CMakeFiles/display_i2c.dir/C_/Users/Sara/.pico-sdk/sdk/2.1.0/src/rp2_common/hardware_i2c/i2c.c.obj
                0x10007a48                i2c_write_blocking
 .text.calloc   0x10007a5c       0x18 C:/Users/Sara/.pico-sdk/toolchain/13_3_Rel1/bin/../lib/gcc/arm-none-eabi/13.3.1/thumb/v6-m/nofp\libg.a(libc_a-calloc.o)
                0x10007a5c                calloc
 .text._calloc_r
                0x10007a74       0xa8 C:/Users/Sara/.pico-sdk/toolchain/13_3_Rel1/bin/../lib/gcc/arm-none-eabi/13.3.1/thumb/v6-m/nofp\libg.a(libc_a-callocr.o)
                0x10007a74                _calloc_r
 .text.malloc   0x10007b1c       0x14 C:/Users/Sara/.pico-sdk/toolchain/13_3_Rel1/bin/../lib/gcc/arm-none-eabi/13.3.1/thumb/v6-m/nofp\libg.a(libc_a-malloc.o)
                0x10007b1c                malloc
 .text.free     0x10007b30       0x14 C:/Users/Sara/.pico-sdk/toolchain/13_3_Rel1/bin/../lib/gcc/arm-none-eabi/13.3.1/thumb/v6-m/nofp\libg.a(libc_a-malloc.o)
                0x10007b30                free
 .text._malloc_r
                0x10007b44      0x5c4 C:/Users/Sara/.pico-sdk/toolchain/13_3_Rel1/bin/../lib/gcc/arm-none-eabi/13.3.1/thumb/v6-m/nofp\libg.a(libc_a-mallocr.o)
                0x10007b44                _malloc_r
 .text.__malloc_lock
                0x10008108       0x10 C:/Users/Sara/.pico-sdk/toolchain/13_3_Rel1/bin/../lib/gcc/arm-none-eabi/13.3.1/thumb/v6-m/nofp\libg.a(libc_a-mlock.o)
                0x10008108                __malloc_lock
 .text.__malloc_unlock
                0x10008118       0x10 C:/Users/Sara/.pico-sdk/toolchain/13_3_Rel1/bin/../lib/gcc/arm-none-eabi/13.3.1/thumb/v6-m/nofp\libg.a(libc_a-mlock.o)
                0x10008118                __malloc_unlock
 .text.realloc  0x10008128       0x18 C:/Users/Sara/.pico-sdk/toolchain/13_3_Rel1/bin/../lib/gcc/arm-none-eabi/13.3.1/thumb/v6-m/nofp\libg.a(libc_a-realloc.o)
                0x10008128                realloc
 .text._realloc_r
                0x10008140      0x350 C:/Users/Sara/.pico-sdk/toolchain/13_3_Rel1/bin/../lib/gcc/arm-none-eabi/13.3.1/thumb/v6-m/nofp\libg.a(libc_a-reallocr.o)
                0x10008140                _realloc_r
 .text.scanf    0x10008490       0x24 C:/Users/Sara/.pico-sdk/toolchain/13_3_Rel1/bin/../lib/gcc/arm-none-eabi/13.3.1/thumb/v6-m/nofp\libg.a(libc_a-scanf.o)
                0x10008490                scanf
 .text.memmove  0x100084b4       0xb0 C:/Users/Sara/.pico-sdk/toolchain/13_3_Rel1/bin/../lib/gcc/arm-none-eabi/13.3.1/thumb/v6-m/nofp\libg.a(libc_a-memmove.o)
                0x100084b4                memmove
 .text._sbrk_r  0x10008564       0x24 C:/Users/Sara/.pico-sdk/toolchain/13_3_Rel1/bin/../lib/gcc/arm-none-eabi/13.3.1/thumb/v6-m/nofp\libg.a(libc_a-sbrkr.o)
                0x10008564                _sbrk_r
 .text.__errno  0x10008588        0xc C:/Users/Sara/.pico-sdk/toolchain/13_3_Rel1/bin/../lib/gcc/arm-none-eabi/13.3.1/thumb/v6-m/nofp\libg.a(libc_a-errno.o)
                0x10008588                __errno
 .text.__retarget_lock_init_recursive
                0x10008594        0x4 C:/Users/Sara/.pico-sdk/toolchain/13_3_Rel1/bin/../lib/gcc/arm-none-eabi/13.3.1/thumb/v6-m/nofp\libg.a(libc_a-lock.o)
                0x10008594                __retarget_lock_init_recursive
 .text.__retarget_lock_close_recursive
                0x10008598        0x4 C:/Users/Sara/.pico-sdk/toolchain/13_3_Rel1/bin/../lib/gcc/arm-none-eabi/13.3.1/thumb/v6-m/nofp\libg.a(libc_a-lock.o)
                0x10008598                __retarget_lock_close_recursive
 .text.__retarget_lock_acquire_recursive
                0x1000859c        0x4 C:/Users/Sara/.pico-sdk/toolchain/13_3_Rel1/bin/../lib/gcc/arm-none-eabi/13.3.1/thumb/v6-m/nofp\libg.a(libc_a-lock.o)
                0x1000859c                __retarget_lock_acquire_recursive
 .text.__retarget_lock_release_recursive
                0x100085a0        0x4 C:/Users/Sara/.pico-sdk/toolchain/13_3_Rel1/bin/../lib/gcc/arm-none-eabi/13.3.1/thumb/v6-m/nofp\libg.a(libc_a-lock.o)
                0x100085a0                __retarget_lock_release_recursive
 .text.sysconf  0x100085a4       0x1c C:/Users/Sara/.pico-sdk/toolchain/13_3_Rel1/bin/../lib/gcc/arm-none-eabi/13.3.1/thumb/v6-m/nofp\libg.a(libc_a-sysconf.o)
                0x100085a4                sysconf
 .text          0x100085c0       0x88 C:/Users/Sara/.pico-sdk/toolchain/13_3_Rel1/bin/../lib/gcc/arm-none-eabi/13.3.1/thumb/v6-m/nofp\libg.a(libc_a-strcmp.o)
                0x100085c0                strcmp
 .text.strlen   0x10008648       0x5c C:/Users/Sara/.pico-sdk/toolchain/13_3_Rel1/bin/../lib/gcc/arm-none-eabi/13.3.1/thumb/v6-m/nofp\libg.a(libc_a-strlen-stub.o)
                0x10008648                strlen
 .text._malloc_trim_r
                0x100086a4       0xb4 C:/Users/Sara/.pico-sdk/toolchain/13_3_Rel1/bin/../lib/gcc/arm-none-eabi/13.3.1/thumb/v6-m/nofp\libg.a(libc_a-freer.o)
                0x100086a4                _malloc_trim_r
 .text._free_r  0x10008758      0x1d4 C:/Users/Sara/.pico-sdk/toolchain/13_3_Rel1/bin/../lib/gcc/arm-none-eabi/13.3.1/thumb/v6-m/nofp\libg.a(libc_a-freer.o)
                0x10008758                _free_r
 .text._strtoul_l.isra.0
                0x1000892c      0x144 C:/Users/Sara/.pico-sdk/toolchain/13_3_Rel1/bin/../lib/gcc/arm-none-eabi/13.3.1/thumb/v6-m/nofp\libg.a(libc_a-strtoul.o)
 .text._strtoul_r
                0x10008a70        0x8 C:/Users/Sara/.pico-sdk/toolchain/13_3_Rel1/bin/../lib/gcc/arm-none-eabi/13.3.1/thumb/v6-m/nofp\libg.a(libc_a-strtoul.o)
                0x10008a70                _strtoul_r
 .text.__svfscanf_r
                0x10008a78     0x18a8 C:/Users/Sara/.pico-sdk/toolchain/13_3_Rel1/bin/../lib/gcc/arm-none-eabi/13.3.1/thumb/v6-m/nofp\libg.a(libc_a-vfscanf.o)
                0x10008a78                __svfscanf_r
 .text._vfscanf_r
                0x1000a320       0x28 C:/Users/Sara/.pico-sdk/toolchain/13_3_Rel1/bin/../lib/gcc/arm-none-eabi/13.3.1/thumb/v6-m/nofp\libg.a(libc_a-vfscanf.o)
                0x1000a320                _vfscanf_r
 .text.stdio_exit_handler
                0x1000a348       0x1c C:/Users/Sara/.pico-sdk/toolchain/13_3_Rel1/bin/../lib/gcc/arm-none-eabi/13.3.1/thumb/v6-m/nofp\libg.a(libc_a-findfp.o)
 .text.cleanup_stdio
                0x1000a364       0x3c C:/Users/Sara/.pico-sdk/toolchain/13_3_Rel1/bin/../lib/gcc/arm-none-eabi/13.3.1/thumb/v6-m/nofp\libg.a(libc_a-findfp.o)
 .text.global_stdio_init.part.0
                0x1000a3a0      0x118 C:/Users/Sara/.pico-sdk/toolchain/13_3_Rel1/bin/../lib/gcc/arm-none-eabi/13.3.1/thumb/v6-m/nofp\libg.a(libc_a-findfp.o)
 .text.__sinit  0x1000a4b8       0x38 C:/Users/Sara/.pico-sdk/toolchain/13_3_Rel1/bin/../lib/gcc/arm-none-eabi/13.3.1/thumb/v6-m/nofp\libg.a(libc_a-findfp.o)
                0x1000a4b8                __sinit
 .text.__sfp_lock_acquire
                0x1000a4f0       0x10 C:/Users/Sara/.pico-sdk/toolchain/13_3_Rel1/bin/../lib/gcc/arm-none-eabi/13.3.1/thumb/v6-m/nofp\libg.a(libc_a-findfp.o)
                0x1000a4f0                __sfp_lock_acquire
 .text.__sfp_lock_release
                0x1000a500       0x10 C:/Users/Sara/.pico-sdk/toolchain/13_3_Rel1/bin/../lib/gcc/arm-none-eabi/13.3.1/thumb/v6-m/nofp\libg.a(libc_a-findfp.o)
                0x1000a500                __sfp_lock_release
 .text._fread_r
                0x1000a510      0x1e4 C:/Users/Sara/.pico-sdk/toolchain/13_3_Rel1/bin/../lib/gcc/arm-none-eabi/13.3.1/thumb/v6-m/nofp\libg.a(libc_a-fread.o)
                0x1000a510                _fread_r
 .text._fwalk_sglue
                0x1000a6f4       0x44 C:/Users/Sara/.pico-sdk/toolchain/13_3_Rel1/bin/../lib/gcc/arm-none-eabi/13.3.1/thumb/v6-m/nofp\libg.a(libc_a-fwalk.o)
                0x1000a6f4                _fwalk_sglue
 .text.lflush   0x1000a738       0x20 C:/Users/Sara/.pico-sdk/toolchain/13_3_Rel1/bin/../lib/gcc/arm-none-eabi/13.3.1/thumb/v6-m/nofp\libg.a(libc_a-refill.o)
 .text.__srefill_r
                0x1000a758      0x100 C:/Users/Sara/.pico-sdk/toolchain/13_3_Rel1/bin/../lib/gcc/arm-none-eabi/13.3.1/thumb/v6-m/nofp\libg.a(libc_a-refill.o)
                0x1000a758                __srefill_r
 .text.__sccl   0x1000a858       0x80 C:/Users/Sara/.pico-sdk/toolchain/13_3_Rel1/bin/../lib/gcc/arm-none-eabi/13.3.1/thumb/v6-m/nofp\libg.a(libc_a-sccl.o)
                0x1000a858                __sccl
 .text.__sread  0x1000a8d8       0x28 C:/Users/Sara/.pico-sdk/toolchain/13_3_Rel1/bin/../lib/gcc/arm-none-eabi/13.3.1/thumb/v6-m/nofp\libg.a(libc_a-stdio.o)
                0x1000a8d8                __sread
 .text.__swrite
                0x1000a900       0x40 C:/Users/Sara/.pico-sdk/toolchain/13_3_Rel1/bin/../lib/gcc/arm-none-eabi/13.3.1/thumb/v6-m/nofp\libg.a(libc_a-stdio.o)
                0x1000a900                __swrite
 .text.__sseek  0x1000a940       0x30 C:/Users/Sara/.pico-sdk/toolchain/13_3_Rel1/bin/../lib/gcc/arm-none-eabi/13.3.1/thumb/v6-m/nofp\libg.a(libc_a-stdio.o)
                0x1000a940                __sseek
 .text.__sclose
                0x1000a970        0xc C:/Users/Sara/.pico-sdk/toolchain/13_3_Rel1/bin/../lib/gcc/arm-none-eabi/13.3.1/thumb/v6-m/nofp\libg.a(libc_a-stdio.o)
                0x1000a970                __sclose
 .text.__submore
                0x1000a97c       0x84 C:/Users/Sara/.pico-sdk/toolchain/13_3_Rel1/bin/../lib/gcc/arm-none-eabi/13.3.1/thumb/v6-m/nofp\libg.a(libc_a-ungetc.o)
                0x1000a97c                __submore
 .text._ungetc_r
                0x1000aa00      0x134 C:/Users/Sara/.pico-sdk/toolchain/13_3_Rel1/bin/../lib/gcc/arm-none-eabi/13.3.1/thumb/v6-m/nofp\libg.a(libc_a-ungetc.o)
                0x1000aa00                _ungetc_r
 .text.strncmp  0x1000ab34       0x74 C:/Users/Sara/.pico-sdk/toolchain/13_3_Rel1/bin/../lib/gcc/arm-none-eabi/13.3.1/thumb/v6-m/nofp\libg.a(libc_a-strncmp.o)
                0x1000ab34                strncmp
 .text.stpncpy  0x1000aba8       0x78 C:/Users/Sara/.pico-sdk/toolchain/13_3_Rel1/bin/../lib/gcc/arm-none-eabi/13.3.1/thumb/v6-m/nofp\libg.a(libc_a-stpncpy.o)
                0x1000aba8                stpncpy
 .text.__locale_mb_cur_max
                0x1000ac20       0x10 C:/Users/Sara/.pico-sdk/toolchain/13_3_Rel1/bin/../lib/gcc/arm-none-eabi/13.3.1/thumb/v6-m/nofp\libg.a(libc_a-locale.o)
                0x1000ac20                __locale_mb_cur_max
 .text._localeconv_r
                0x1000ac30        0x8 C:/Users/Sara/.pico-sdk/toolchain/13_3_Rel1/bin/../lib/gcc/arm-none-eabi/13.3.1/thumb/v6-m/nofp\libg.a(libc_a-localeconv.o)
                0x1000ac30                _localeconv_r
 .text._close_r
                0x1000ac38       0x24 C:/Users/Sara/.pico-sdk/toolchain/13_3_Rel1/bin/../lib/gcc/arm-none-eabi/13.3.1/thumb/v6-m/nofp\libg.a(libc_a-closer.o)
                0x1000ac38                _close_r
 .text._lseek_r
                0x1000ac5c       0x28 C:/Users/Sara/.pico-sdk/toolchain/13_3_Rel1/bin/../lib/gcc/arm-none-eabi/13.3.1/thumb/v6-m/nofp\libg.a(libc_a-lseekr.o)
                0x1000ac5c                _lseek_r
 .text._read_r  0x1000ac84       0x28 C:/Users/Sara/.pico-sdk/toolchain/13_3_Rel1/bin/../lib/gcc/arm-none-eabi/13.3.1/thumb/v6-m/nofp\libg.a(libc_a-readr.o)
                0x1000ac84                _read_r
 .text._write_r
                0x1000acac       0x28 C:/Users/Sara/.pico-sdk/toolchain/13_3_Rel1/bin/../lib/gcc/arm-none-eabi/13.3.1/thumb/v6-m/nofp\libg.a(libc_a-writer.o)
                0x1000acac                _write_r
 .text.nanf     0x1000acd4        0x8 C:/Users/Sara/.pico-sdk/toolchain/13_3_Rel1/bin/../lib/gcc/arm-none-eabi/13.3.1/thumb/v6-m/nofp\libg.a(libm_a-sf_nan.o)
                0x1000acd4                nanf
 .text.__ascii_mbtowc
                0x1000acdc       0x2c C:/Users/Sara/.pico-sdk/toolchain/13_3_Rel1/bin/../lib/gcc/arm-none-eabi/13.3.1/thumb/v6-m/nofp\libg.a(libc_a-mbtowc_r.o)
                0x1000acdc                __ascii_mbtowc
 .text.sulp     0x1000ad08       0x30 C:/Users/Sara/.pico-sdk/toolchain/13_3_Rel1/bin/../lib/gcc/arm-none-eabi/13.3.1/thumb/v6-m/nofp\libg.a(libc_a-strtod.o)
 .text._strtod_l
                0x1000ad38      0xeb8 C:/Users/Sara/.pico-sdk/toolchain/13_3_Rel1/bin/../lib/gcc/arm-none-eabi/13.3.1/thumb/v6-m/nofp\libg.a(libc_a-strtod.o)
                0x1000ad38                _strtod_l
 .text._strtod_r
                0x1000bbf0       0x10 C:/Users/Sara/.pico-sdk/toolchain/13_3_Rel1/bin/../lib/gcc/arm-none-eabi/13.3.1/thumb/v6-m/nofp\libg.a(libc_a-strtod.o)
                0x1000bbf0                _strtod_r
 .text._strtol_l.isra.0
                0x1000bc00      0x158 C:/Users/Sara/.pico-sdk/toolchain/13_3_Rel1/bin/../lib/gcc/arm-none-eabi/13.3.1/thumb/v6-m/nofp\libg.a(libc_a-strtol.o)
 .text._strtol_r
                0x1000bd58        0x8 C:/Users/Sara/.pico-sdk/toolchain/13_3_Rel1/bin/../lib/gcc/arm-none-eabi/13.3.1/thumb/v6-m/nofp\libg.a(libc_a-strtol.o)
                0x1000bd58                _strtol_r
 .text.__ascii_wctomb
                0x1000bd60       0x1c C:/Users/Sara/.pico-sdk/toolchain/13_3_Rel1/bin/../lib/gcc/arm-none-eabi/13.3.1/thumb/v6-m/nofp\libg.a(libc_a-wctomb_r.o)
                0x1000bd60                __ascii_wctomb
 .text._strtoll_l.isra.0
                0x1000bd7c      0x1a0 C:/Users/Sara/.pico-sdk/toolchain/13_3_Rel1/bin/../lib/gcc/arm-none-eabi/13.3.1/thumb/v6-m/nofp\libg.a(libc_a-strtoll.o)
 .text._strtoll_r
                0x1000bf1c        0x8 C:/Users/Sara/.pico-sdk/toolchain/13_3_Rel1/bin/../lib/gcc/arm-none-eabi/13.3.1/thumb/v6-m/nofp\libg.a(libc_a-strtoll.o)
                0x1000bf1c                _strtoll_r
 .text._strtoull_l.isra.0
                0x1000bf24      0x1c4 C:/Users/Sara/.pico-sdk/toolchain/13_3_Rel1/bin/../lib/gcc/arm-none-eabi/13.3.1/thumb/v6-m/nofp\libg.a(libc_a-strtoull.o)
 .text._strtoull_r
                0x1000c0e8        0x8 C:/Users/Sara/.pico-sdk/toolchain/13_3_Rel1/bin/../lib/gcc/arm-none-eabi/13.3.1/thumb/v6-m/nofp\libg.a(libc_a-strtoull.o)
                0x1000c0e8                _strtoull_r
 .text._mbrtowc_r
                0x1000c0f0       0x54 C:/Users/Sara/.pico-sdk/toolchain/13_3_Rel1/bin/../lib/gcc/arm-none-eabi/13.3.1/thumb/v6-m/nofp\libg.a(libc_a-mbrtowc.o)
                0x1000c0f0                _mbrtowc_r
 .text.iswspace
                0x1000c144        0xc C:/Users/Sara/.pico-sdk/toolchain/13_3_Rel1/bin/../lib/gcc/arm-none-eabi/13.3.1/thumb/v6-m/nofp\libg.a(libc_a-iswspace.o)
                0x1000c144                iswspace
 .text.iswspace_l
                0x1000c150       0x24 C:/Users/Sara/.pico-sdk/toolchain/13_3_Rel1/bin/../lib/gcc/arm-none-eabi/13.3.1/thumb/v6-m/nofp\libg.a(libc_a-iswspace_l.o)
                0x1000c150                iswspace_l
 .text.__jp2uc  0x1000c174      0x154 C:/Users/Sara/.pico-sdk/toolchain/13_3_Rel1/bin/../lib/gcc/arm-none-eabi/13.3.1/thumb/v6-m/nofp\libg.a(libc_a-jp2uc.o)
 .text._jp2uc_l
                0x1000c2c8       0x68 C:/Users/Sara/.pico-sdk/toolchain/13_3_Rel1/bin/../lib/gcc/arm-none-eabi/13.3.1/thumb/v6-m/nofp\libg.a(libc_a-jp2uc.o)
                0x1000c2c8                _jp2uc_l
 .text._fclose_r
                0x1000c330       0xd0 C:/Users/Sara/.pico-sdk/toolchain/13_3_Rel1/bin/../lib/gcc/arm-none-eabi/13.3.1/thumb/v6-m/nofp\libg.a(libc_a-fclose.o)
                0x1000c330                _fclose_r
 .text.__sflush_r
                0x1000c400      0x148 C:/Users/Sara/.pico-sdk/toolchain/13_3_Rel1/bin/../lib/gcc/arm-none-eabi/13.3.1/thumb/v6-m/nofp\libg.a(libc_a-fflush.o)
                0x1000c400                __sflush_r
 .text._fflush_r
                0x1000c548       0x68 C:/Users/Sara/.pico-sdk/toolchain/13_3_Rel1/bin/../lib/gcc/arm-none-eabi/13.3.1/thumb/v6-m/nofp\libg.a(libc_a-fflush.o)
                0x1000c548                _fflush_r
 .text.__smakebuf_r
                0x1000c5b0       0xe0 C:/Users/Sara/.pico-sdk/toolchain/13_3_Rel1/bin/../lib/gcc/arm-none-eabi/13.3.1/thumb/v6-m/nofp\libg.a(libc_a-makebuf.o)
                0x1000c5b0                __smakebuf_r
 .text._fstat_r
                0x1000c690       0x28 C:/Users/Sara/.pico-sdk/toolchain/13_3_Rel1/bin/../lib/gcc/arm-none-eabi/13.3.1/thumb/v6-m/nofp\libg.a(libc_a-fstatr.o)
                0x1000c690                _fstat_r
 .text._isatty_r
                0x1000c6b8       0x24 C:/Users/Sara/.pico-sdk/toolchain/13_3_Rel1/bin/../lib/gcc/arm-none-eabi/13.3.1/thumb/v6-m/nofp\libg.a(libc_a-isattyr.o)
                0x1000c6b8                _isatty_r
 .text.nan      0x1000c6dc        0xc C:/Users/Sara/.pico-sdk/toolchain/13_3_Rel1/bin/../lib/gcc/arm-none-eabi/13.3.1/thumb/v6-m/nofp\libg.a(libm_a-s_nan.o)
                0x1000c6dc                nan
 .text.rshift   0x1000c6e8       0xb0 C:/Users/Sara/.pico-sdk/toolchain/13_3_Rel1/bin/../lib/gcc/arm-none-eabi/13.3.1/thumb/v6-m/nofp\libg.a(libc_a-gdtoa-gethex.o)
 .text.__gethex
                0x1000c798      0x5a8 C:/Users/Sara/.pico-sdk/toolchain/13_3_Rel1/bin/../lib/gcc/arm-none-eabi/13.3.1/thumb/v6-m/nofp\libg.a(libc_a-gdtoa-gethex.o)
                0x1000c798                __gethex
 .text.__match  0x1000cd40       0x2c C:/Users/Sara/.pico-sdk/toolchain/13_3_Rel1/bin/../lib/gcc/arm-none-eabi/13.3.1/thumb/v6-m/nofp\libg.a(libc_a-gdtoa-hexnan.o)
                0x1000cd40                __match
 .text.__hexnan
                0x1000cd6c      0x204 C:/Users/Sara/.pico-sdk/toolchain/13_3_Rel1/bin/../lib/gcc/arm-none-eabi/13.3.1/thumb/v6-m/nofp\libg.a(libc_a-gdtoa-hexnan.o)
                0x1000cd6c                __hexnan
 .text._Balloc  0x1000cf70       0x50 C:/Users/Sara/.pico-sdk/toolchain/13_3_Rel1/bin/../lib/gcc/arm-none-eabi/13.3.1/thumb/v6-m/nofp\libg.a(libc_a-mprec.o)
                0x1000cf70                _Balloc
 .text._Bfree   0x1000cfc0       0x14 C:/Users/Sara/.pico-sdk/toolchain/13_3_Rel1/bin/../lib/gcc/arm-none-eabi/13.3.1/thumb/v6-m/nofp\libg.a(libc_a-mprec.o)
                0x1000cfc0                _Bfree
 .text.__multadd
                0x1000cfd4       0xa8 C:/Users/Sara/.pico-sdk/toolchain/13_3_Rel1/bin/../lib/gcc/arm-none-eabi/13.3.1/thumb/v6-m/nofp\libg.a(libc_a-mprec.o)
                0x1000cfd4                __multadd
 .text.__s2b    0x1000d07c       0xb0 C:/Users/Sara/.pico-sdk/toolchain/13_3_Rel1/bin/../lib/gcc/arm-none-eabi/13.3.1/thumb/v6-m/nofp\libg.a(libc_a-mprec.o)
                0x1000d07c                __s2b
 .text.__hi0bits
                0x1000d12c       0x4c C:/Users/Sara/.pico-sdk/toolchain/13_3_Rel1/bin/../lib/gcc/arm-none-eabi/13.3.1/thumb/v6-m/nofp\libg.a(libc_a-mprec.o)
                0x1000d12c                __hi0bits
 .text.__lo0bits
                0x1000d178       0x5c C:/Users/Sara/.pico-sdk/toolchain/13_3_Rel1/bin/../lib/gcc/arm-none-eabi/13.3.1/thumb/v6-m/nofp\libg.a(libc_a-mprec.o)
                0x1000d178                __lo0bits
 .text.__i2b    0x1000d1d4       0x60 C:/Users/Sara/.pico-sdk/toolchain/13_3_Rel1/bin/../lib/gcc/arm-none-eabi/13.3.1/thumb/v6-m/nofp\libg.a(libc_a-mprec.o)
                0x1000d1d4                __i2b
 .text.__multiply
                0x1000d234      0x1ac C:/Users/Sara/.pico-sdk/toolchain/13_3_Rel1/bin/../lib/gcc/arm-none-eabi/13.3.1/thumb/v6-m/nofp\libg.a(libc_a-mprec.o)
                0x1000d234                __multiply
 .text.__pow5mult
                0x1000d3e0       0xd0 C:/Users/Sara/.pico-sdk/toolchain/13_3_Rel1/bin/../lib/gcc/arm-none-eabi/13.3.1/thumb/v6-m/nofp\libg.a(libc_a-mprec.o)
                0x1000d3e0                __pow5mult
 .text.__lshift
                0x1000d4b0       0xfc C:/Users/Sara/.pico-sdk/toolchain/13_3_Rel1/bin/../lib/gcc/arm-none-eabi/13.3.1/thumb/v6-m/nofp\libg.a(libc_a-mprec.o)
                0x1000d4b0                __lshift
 .text.__mcmp   0x1000d5ac       0x3c C:/Users/Sara/.pico-sdk/toolchain/13_3_Rel1/bin/../lib/gcc/arm-none-eabi/13.3.1/thumb/v6-m/nofp\libg.a(libc_a-mprec.o)
                0x1000d5ac                __mcmp
 .text.__mdiff  0x1000d5e8      0x1b4 C:/Users/Sara/.pico-sdk/toolchain/13_3_Rel1/bin/../lib/gcc/arm-none-eabi/13.3.1/thumb/v6-m/nofp\libg.a(libc_a-mprec.o)
                0x1000d5e8                __mdiff
 .text.__ulp    0x1000d79c       0x40 C:/Users/Sara/.pico-sdk/toolchain/13_3_Rel1/bin/../lib/gcc/arm-none-eabi/13.3.1/thumb/v6-m/nofp\libg.a(libc_a-mprec.o)
                0x1000d79c                __ulp
 .text.__b2d    0x1000d7dc       0xb8 C:/Users/Sara/.pico-sdk/toolchain/13_3_Rel1/bin/../lib/gcc/arm-none-eabi/13.3.1/thumb/v6-m/nofp\libg.a(libc_a-mprec.o)
                0x1000d7dc                __b2d
 .text.__d2b    0x1000d894       0xcc C:/Users/Sara/.pico-sdk/toolchain/13_3_Rel1/bin/../lib/gcc/arm-none-eabi/13.3.1/thumb/v6-m/nofp\libg.a(libc_a-mprec.o)
                0x1000d894                __d2b
 .text.__ratio  0x1000d960       0x68 C:/Users/Sara/.pico-sdk/toolchain/13_3_Rel1/bin/../lib/gcc/arm-none-eabi/13.3.1/thumb/v6-m/nofp\libg.a(libc_a-mprec.o)
                0x1000d960                __ratio
 .text.__copybits
                0x1000d9c8       0x40 C:/Users/Sara/.pico-sdk/toolchain/13_3_Rel1/bin/../lib/gcc/arm-none-eabi/13.3.1/thumb/v6-m/nofp\libg.a(libc_a-mprec.o)
                0x1000d9c8                __copybits
 .text.__any_on
                0x1000da08       0x4c C:/Users/Sara/.pico-sdk/toolchain/13_3_Rel1/bin/../lib/gcc/arm-none-eabi/13.3.1/thumb/v6-m/nofp\libg.a(libc_a-mprec.o)
                0x1000da08                __any_on
 .text.category
                0x1000da54       0x54 C:/Users/Sara/.pico-sdk/toolchain/13_3_Rel1/bin/../lib/gcc/arm-none-eabi/13.3.1/thumb/v6-m/nofp\libg.a(libc_a-categories.o)
                0x1000da54                category
 *(.fini)
 .fini          0x1000daa8        0x4 C:/Users/Sara/.pico-sdk/toolchain/13_3_Rel1/bin/../lib/gcc/arm-none-eabi/13.3.1/thumb/v6-m/nofp/crti.o
                0x1000daa8                _fini
 *fill*         0x1000daac        0x4 
 .fini.__stub   0x1000dab0       0xc0 linker stubs
 *crtbegin.o(.ctors)
 *crtbegin?.o(.ctors)
 *(EXCLUDE_FILE(*crtend.o *crtend?.o) .ctors)
 *(SORT_BY_NAME(.ctors.*))
 *(.ctors)
 *crtbegin.o(.dtors)
 *crtbegin?.o(.dtors)
 *(EXCLUDE_FILE(*crtend.o *crtend?.o) .dtors)
 *(SORT_BY_NAME(.dtors.*))
 *(.dtors)
                0x1000db70                        . = ALIGN (0x4)
                0x1000db70                        PROVIDE (__preinit_array_start = .)
 *(SORT_BY_NAME(.preinit_array.*))
 .preinit_array.00100
                0x1000db70        0x4 CMakeFiles/display_i2c.dir/C_/Users/Sara/.pico-sdk/sdk/2.1.0/src/rp2_common/pico_runtime_init/runtime_init.c.obj
                0x1000db70                __pre_init_runtime_init_early_resets
 .preinit_array.00101
                0x1000db74        0x4 CMakeFiles/display_i2c.dir/C_/Users/Sara/.pico-sdk/sdk/2.1.0/src/rp2_common/pico_runtime_init/runtime_init.c.obj
                0x1000db74                __pre_init_runtime_init_usb_power_down
 .preinit_array.00275
                0x1000db78        0x4 CMakeFiles/display_i2c.dir/C_/Users/Sara/.pico-sdk/sdk/2.1.0/src/rp2_common/pico_bit_ops/bit_ops_aeabi.S.obj
 .preinit_array.00300
                0x1000db7c        0x4 CMakeFiles/display_i2c.dir/C_/Users/Sara/.pico-sdk/sdk/2.1.0/src/rp2_common/pico_mem_ops/mem_ops_aeabi.S.obj
 .preinit_array.00350
                0x1000db80        0x4 CMakeFiles/display_i2c.dir/C_/Users/Sara/.pico-sdk/sdk/2.1.0/src/rp2_common/pico_double/double_aeabi_rp2040.S.obj
 .preinit_array.00350
                0x1000db84        0x4 CMakeFiles/display_i2c.dir/C_/Users/Sara/.pico-sdk/sdk/2.1.0/src/rp2_common/pico_float/float_aeabi_rp2040.S.obj
 .preinit_array.00500
                0x1000db88        0x4 CMakeFiles/display_i2c.dir/C_/Users/Sara/.pico-sdk/sdk/2.1.0/src/rp2_common/pico_runtime_init/runtime_init.c.obj
                0x1000db88                __pre_init_runtime_init_clocks
 .preinit_array.00600
                0x1000db8c        0x4 CMakeFiles/display_i2c.dir/C_/Users/Sara/.pico-sdk/sdk/2.1.0/src/rp2_common/pico_runtime_init/runtime_init.c.obj
                0x1000db8c                __pre_init_runtime_init_post_clock_resets
 .preinit_array.00700
                0x1000db90        0x4 CMakeFiles/display_i2c.dir/C_/Users/Sara/.pico-sdk/sdk/2.1.0/src/rp2_common/pico_runtime_init/runtime_init.c.obj
                0x1000db90                __pre_init_runtime_init_rp2040_gpio_ie_disable
 .preinit_array.01000
                0x1000db94        0x4 CMakeFiles/display_i2c.dir/C_/Users/Sara/.pico-sdk/sdk/2.1.0/src/rp2_common/pico_runtime_init/runtime_init.c.obj
                0x1000db94                __pre_init_runtime_init_spin_locks_reset
 .preinit_array.01100
                0x1000db98        0x4 CMakeFiles/display_i2c.dir/C_/Users/Sara/.pico-sdk/sdk/2.1.0/src/common/pico_sync/mutex.c.obj
                0x1000db98                __pre_init_runtime_init_mutex
 .preinit_array.10080
                0x1000db9c        0x4 CMakeFiles/display_i2c.dir/C_/Users/Sara/.pico-sdk/sdk/2.1.0/src/rp2_common/pico_runtime_init/runtime_init.c.obj
                0x1000db9c                __pre_init_runtime_init_install_ram_vector_table
 .preinit_array.11000
                0x1000dba0        0x4 CMakeFiles/display_i2c.dir/C_/Users/Sara/.pico-sdk/sdk/2.1.0/src/common/pico_time/time.c.obj
                0x1000dba0                __pre_init_runtime_init_default_alarm_pool
 .preinit_array.YYYYY
                0x1000dba4        0x4 CMakeFiles/display_i2c.dir/C_/Users/Sara/.pico-sdk/sdk/2.1.0/src/rp2_common/pico_runtime/runtime.c.obj
                0x1000dba4                __pre_init_first_per_core_initializer
 .preinit_array.ZZZZZ.01200
                0x1000dba8        0x4 CMakeFiles/display_i2c.dir/C_/Users/Sara/.pico-sdk/sdk/2.1.0/src/rp2_common/hardware_irq/irq.c.obj
                0x1000dba8                __pre_init_runtime_init_per_core_irq_priorities
 *(.preinit_array)
                0x1000dbac                        PROVIDE (__preinit_array_end = .)
                0x1000dbac                        . = ALIGN (0x4)
                0x1000dbac                        PROVIDE (__init_array_start = .)
 *(SORT_BY_NAME(.init_array.*))
 *(.init_array)
 .init_array    0x1000dbac        0x4 C:/Users/Sara/.pico-sdk/toolchain/13_3_Rel1/bin/../lib/gcc/arm-none-eabi/13.3.1/thumb/v6-m/nofp/crtbegin.o
 .init_array    0x1000dbb0        0x4 CMakeFiles/display_i2c.dir/C_/Users/Sara/.pico-sdk/sdk/2.1.0/src/rp2_common/pico_unique_id/unique_id.c.obj
                0x1000dbb4                        PROVIDE (__init_array_end = .)
                0x1000dbb4                        . = ALIGN (0x4)
                [!provide]                        PROVIDE (__fini_array_start = .)
 *(SORT_BY_NAME(.fini_array.*))
 *(.fini_array)
                [!provide]                        PROVIDE (__fini_array_end = .)
 *(.eh_frame*)
 .eh_frame      0x1000dbb4        0x0 C:/Users/Sara/.pico-sdk/toolchain/13_3_Rel1/bin/../lib/gcc/arm-none-eabi/13.3.1/thumb/v6-m/nofp/crtbegin.o
                0x1000dbb4                        . = ALIGN (0x4)

.glue_7         0x1000dbb4        0x0
 .glue_7        0x1000dbb4        0x0 linker stubs

.glue_7t        0x1000dbb4        0x0
 .glue_7t       0x1000dbb4        0x0 linker stubs

.vfp11_veneer   0x1000dbb4        0x0
 .vfp11_veneer  0x1000dbb4        0x0 linker stubs

.v4_bx          0x1000dbb4        0x0
 .v4_bx         0x1000dbb4        0x0 linker stubs

.iplt           0x1000dbb4        0x0
 .iplt          0x1000dbb4        0x0 C:/Users/Sara/.pico-sdk/toolchain/13_3_Rel1/bin/../lib/gcc/arm-none-eabi/13.3.1/thumb/v6-m/nofp/crtbegin.o

.rodata         0x1000dbb8     0x7dc4
 *(EXCLUDE_FILE(*libm.a: *libc.a:*lib_a-mem*.o *libgcc.a:) .rodata*)
 .rodata.button_Event.str1.4
                0x1000dbb8      0x416 CMakeFiles/display_i2c.dir/display_i2c.c.obj
                                 0x95 (size before relaxing)
 .rodata.main.str1.4
                0x1000dfce       0x38 CMakeFiles/display_i2c.dir/display_i2c.c.obj
 *fill*         0x1000dfce        0x2 
 .rodata.pio_matrix_program
                0x1000dfd0        0x8 CMakeFiles/display_i2c.dir/display_i2c.c.obj
 .rodata.pio_matrix_program_instructions
                0x1000dfd8        0xe CMakeFiles/display_i2c.dir/display_i2c.c.obj
 *fill*         0x1000dfe6        0x2 
 .rodata.font   0x1000dfe8      0x1f8 CMakeFiles/display_i2c.dir/inc/ssd1306.c.obj
 .rodata.panic.str1.4
                0x1000e1e0       0x12 CMakeFiles/display_i2c.dir/C_/Users/Sara/.pico-sdk/sdk/2.1.0/src/rp2_common/pico_platform_panic/panic.c.obj
 .rodata.spin_lock_claim_unused.str1.4
                0x1000e1e0       0x1b CMakeFiles/display_i2c.dir/C_/Users/Sara/.pico-sdk/sdk/2.1.0/src/rp2_common/hardware_sync/sync.c.obj
 .rodata.user_irq_claim_unused.str1.4
                0x1000e1e0       0x1b CMakeFiles/display_i2c.dir/C_/Users/Sara/.pico-sdk/sdk/2.1.0/src/rp2_common/hardware_irq/irq.c.obj
 .rodata.at_the_end_of_time
                0x1000e1e0        0x8 CMakeFiles/display_i2c.dir/C_/Users/Sara/.pico-sdk/sdk/2.1.0/src/common/pico_time/time.c.obj
                0x1000e1e0                at_the_end_of_time
 .rodata.timer_hardware_alarm_claim.str1.4
                0x1000e1e8       0x22 CMakeFiles/display_i2c.dir/C_/Users/Sara/.pico-sdk/sdk/2.1.0/src/rp2_common/hardware_timer/timer.c.obj
 .rodata.hard_assertion_failure.str1.4
                0x1000e1e8        0xc CMakeFiles/display_i2c.dir/C_/Users/Sara/.pico-sdk/sdk/2.1.0/src/rp2_common/pico_runtime/runtime.c.obj
 .rodata.missing_double_func_shim.str1.4
                0x1000e1e8       0x18 CMakeFiles/display_i2c.dir/C_/Users/Sara/.pico-sdk/sdk/2.1.0/src/rp2_common/pico_double/double_init_rom_rp2040.c.obj
 .rodata.missing_float_func_shim.str1.4
                0x1000e1e8        0x1 CMakeFiles/display_i2c.dir/C_/Users/Sara/.pico-sdk/sdk/2.1.0/src/rp2_common/pico_float/float_init_rom_rp2040.c.obj
 .rodata.__wrap_malloc.str1.4
                0x1000e1e8        0xe CMakeFiles/display_i2c.dir/C_/Users/Sara/.pico-sdk/sdk/2.1.0/src/rp2_common/pico_malloc/malloc.c.obj
 .rodata.str1.4
                0x1000e1e8       0x44 CMakeFiles/display_i2c.dir/C_/Users/Sara/.pico-sdk/sdk/2.1.0/src/rp2_common/pico_standard_binary_info/standard_binary_info.c.obj
 .rodata.__bi_84
                0x1000e1e8        0xc CMakeFiles/display_i2c.dir/C_/Users/Sara/.pico-sdk/sdk/2.1.0/src/rp2_common/pico_standard_binary_info/standard_binary_info.c.obj
 .rodata.__bi_78
                0x1000e1f4        0xc CMakeFiles/display_i2c.dir/C_/Users/Sara/.pico-sdk/sdk/2.1.0/src/rp2_common/pico_standard_binary_info/standard_binary_info.c.obj
 .rodata.__bi_60
                0x1000e200        0xc CMakeFiles/display_i2c.dir/C_/Users/Sara/.pico-sdk/sdk/2.1.0/src/rp2_common/pico_standard_binary_info/standard_binary_info.c.obj
 .rodata.__bi_54
                0x1000e20c        0xc CMakeFiles/display_i2c.dir/C_/Users/Sara/.pico-sdk/sdk/2.1.0/src/rp2_common/pico_standard_binary_info/standard_binary_info.c.obj
 .rodata.__bi_48
                0x1000e218        0xc CMakeFiles/display_i2c.dir/C_/Users/Sara/.pico-sdk/sdk/2.1.0/src/rp2_common/pico_standard_binary_info/standard_binary_info.c.obj
 .rodata.__bi_42
                0x1000e224        0xc CMakeFiles/display_i2c.dir/C_/Users/Sara/.pico-sdk/sdk/2.1.0/src/rp2_common/pico_standard_binary_info/standard_binary_info.c.obj
 .rodata.__bi_34
                0x1000e230        0xc CMakeFiles/display_i2c.dir/C_/Users/Sara/.pico-sdk/sdk/2.1.0/src/rp2_common/pico_standard_binary_info/standard_binary_info.c.obj
 .rodata.__bi_26
                0x1000e23c        0xc CMakeFiles/display_i2c.dir/C_/Users/Sara/.pico-sdk/sdk/2.1.0/src/rp2_common/pico_standard_binary_info/standard_binary_info.c.obj
 .rodata._ftoa.str1.4
                0x1000e248       0x15 CMakeFiles/display_i2c.dir/C_/Users/Sara/.pico-sdk/sdk/2.1.0/src/rp2_common/pico_printf/printf.c.obj
 .rodata._vsnprintf
                0x1000e248      0x19c CMakeFiles/display_i2c.dir/C_/Users/Sara/.pico-sdk/sdk/2.1.0/src/rp2_common/pico_printf/printf.c.obj
 *fill*         0x1000e3e4        0x4 
 .rodata.pow10.0
                0x1000e3e8       0x50 CMakeFiles/display_i2c.dir/C_/Users/Sara/.pico-sdk/sdk/2.1.0/src/rp2_common/pico_printf/printf.c.obj
 .rodata.__assert_func.str1.4
                0x1000e438       0x43 CMakeFiles/display_i2c.dir/C_/Users/Sara/.pico-sdk/sdk/2.1.0/src/rp2_common/pico_clib_interface/newlib_interface.c.obj
 .rodata.crlf_str.0
                0x1000e438        0x2 CMakeFiles/display_i2c.dir/C_/Users/Sara/.pico-sdk/sdk/2.1.0/src/rp2_common/pico_stdio/stdio.c.obj
 *fill*         0x1000e43a        0x2 
 .rodata._resetd_driver